Archive member included because of file (symbol)

contiki-sky.a(contiki-sky-pla)
                              obj_sky/contiki-sky-main.o (init_platform)
contiki-sky.a(button-sensor.o)
                              contiki-sky.a(contiki-sky-pla) (button_sensor)
contiki-sky.a(ds2411.o)       obj_sky/contiki-sky-main.o (ds2411_init)
contiki-sky.a(xmem.o)         obj_sky/contiki-sky-main.o (xmem_init)
contiki-sky.a(node-id.o)      obj_sky/contiki-sky-main.o (node_id_restore)
contiki-sky.a(sensors.o)      contiki-sky.a(button-sensor.o) (sensors_changed)
contiki-sky.a(cc2420.o)       obj_sky/contiki-sky-main.o (cc2420_set_pan_addr)
contiki-sky.a(cc2420-arch.o)  contiki-sky.a(cc2420.o) (cc2420_arch_init)
contiki-sky.a(uart1.o)        obj_sky/contiki-sky-main.o (uart1_active)
contiki-sky.a(uart1-putchar.o)
                              example-collect-new.co (putchar)
contiki-sky.a(msp430.o)       contiki-sky.a(uart1.o) (msp430_add_lpm_req)
contiki-sky.a(clock.o)        obj_sky/contiki-sky-main.o (clock_init)
contiki-sky.a(leds.o)         obj_sky/contiki-sky-main.o (leds_init)
contiki-sky.a(leds-arch.o)    contiki-sky.a(leds.o) (leds_arch_init)
contiki-sky.a(watchdog.o)     obj_sky/contiki-sky-main.o (watchdog_start)
contiki-sky.a(rtimer-arch.o)  obj_sky/contiki-sky-main.o (rtimer_arch_now)
contiki-sky.a(autostart.o)    obj_sky/contiki-sky-main.o (autostart_start)
contiki-sky.a(energest.o)     obj_sky/contiki-sky-main.o (energest_init)
contiki-sky.a(etimer.o)       contiki-sky.a(clock.o) (etimer_request_poll)
contiki-sky.a(ctimer.o)       obj_sky/contiki-sky-main.o (ctimer_init)
contiki-sky.a(process.o)      contiki-sky.a(etimer.o) (process_current)
contiki-sky.a(rtimer.o)       obj_sky/contiki-sky-main.o (rtimer_init)
contiki-sky.a(timer.o)        obj_sky/contiki-sky-main.o (timer_set)
contiki-sky.a(serial-line.o)  example-collect-new.co (serial_line_event_message)
contiki-sky.a(list.o)         contiki-sky.a(ctimer.o) (list_init)
contiki-sky.a(random.o)       obj_sky/contiki-sky-main.o (random_init)
contiki-sky.a(ringbuf.o)      contiki-sky.a(serial-line.o) (ringbuf_init)
contiki-sky.a(rime.o)         obj_sky/contiki-sky-main.o (rime_driver)
contiki-sky.a(broadcast-annou)
                              contiki-sky.a(rime.o) (broadcast_announcement_init)
contiki-sky.a(abc.o)          contiki-sky.a(rime.o) (abc_input)
contiki-sky.a(chameleon.o)    contiki-sky.a(rime.o) (chameleon_init)
contiki-sky.a(channel.o)      contiki-sky.a(chameleon.o) (channel_init)
contiki-sky.a(broadcast.o)    contiki-sky.a(broadcast-annou) (broadcast_open)
contiki-sky.a(collect.o)      example-collect-new.co (collect_open)
contiki-sky.a(collect-neighbo)
                              contiki-sky.a(collect.o) (collect_neighbor_init)
contiki-sky.a(collect-link-es)
                              contiki-sky.a(collect-neighbo) (collect_link_estimate_new)
contiki-sky.a(announcement.o)
                              contiki-sky.a(rime.o) (announcement_init)
contiki-sky.a(csma.o)         obj_sky/contiki-sky-main.o (csma_driver)
contiki-sky.a(mac.o)          contiki-sky.a(csma.o) (mac_call_sent_callback)
contiki-sky.a(queuebuf.o)     contiki-sky.a(rime.o) (queuebuf_init)
contiki-sky.a(packetbuf.o)    contiki-sky.a(rime.o) (packetbuf_compact)
contiki-sky.a(linkaddr.o)     example-collect-new.co (linkaddr_copy)
contiki-sky.a(contikimac.o)   obj_sky/contiki-sky-main.o (contikimac_driver)
contiki-sky.a(contikimac-fram)
                              contiki-sky.a(contikimac.o) (contikimac_framer)
contiki-sky.a(nullsec.o)      obj_sky/contiki-sky-main.o (nullsec_driver)
contiki-sky.a(spi.o)          contiki-sky.a(xmem.o) (spi_init)
contiki-sky.a(compower.o)     contiki-sky.a(contikimac.o) (compower_accumulate)
contiki-sky.a(memb.o)         contiki-sky.a(collect-neighbo) (memb_init)
contiki-sky.a(packetqueue.o)  contiki-sky.a(collect.o) (packetqueue_enqueue_packetbuf)
contiki-sky.a(chameleon-bitop)
                              contiki-sky.a(chameleon.o) (chameleon_bitopt)
contiki-sky.a(unicast.o)      contiki-sky.a(collect.o) (unicast_open)
contiki-sky.a(mac-sequence.o)
                              contiki-sky.a(contikimac.o) (mac_sequence_is_duplicate)
contiki-sky.a(framer-802154.o)
                              contiki-sky.a(contikimac-fram) (framer_802154)
contiki-sky.a(frame802154.o)  contiki-sky.a(framer-802154.o) (frame802154_hdrlen)
contiki-sky.a(framer.o)       contiki-sky.a(framer-802154.o) (framer_canonical_create_and_secure)
/usr/lib/gcc/msp430/4.6.3/mmpy-16/libgcc.a(_mulsi3.o)
                              contiki-sky.a(csma.o) (__mulsi3)
/usr/lib/gcc/msp430/4.6.3/mmpy-16/libgcc.a(_udivmod32.o)
                              obj_sky/contiki-sky-main.o (__udivsi3)
/usr/lib/gcc/msp430/4.6.3/../../../../msp430/lib/mmpy-16/libc.a(strchr.o)
                              contiki-sky.a(collect.o) (strchr)
/usr/lib/gcc/msp430/4.6.3/../../../../msp430/lib/mmpy-16/libc.a(strncmp.o)
                              contiki-sky.a(sensors.o) (strncmp)
[...]
Memory Configuration

Name             Origin             Length             Attributes
sfr              0x0000000000000000 0x0000000000000010
peripheral_8bit  0x0000000000000010 0x00000000000000f0
peripheral_16bit 0x0000000000000100 0x0000000000000100
ram_mirror       0x0000000000000200 0x0000000000000800 xw
infomem          0x0000000000001000 0x0000000000000100
infob            0x0000000000001000 0x0000000000000080
infoa            0x0000000000001080 0x0000000000000080
ram              0x0000000000001100 0x0000000000002800 xw
rom              0x0000000000004000 0x000000000000bfe0 xr
vectors          0x000000000000ffe0 0x0000000000000020
bsl              0x0000000000000000 0x0000000000000000
infoc            0x0000000000000000 0x0000000000000000
infod            0x0000000000000000 0x0000000000000000
ram2             0x0000000000000000 0x0000000000000000 xw
usbram           0x0000000000000000 0x0000000000000000 xw
far_rom          0x0000000000000000 0x0000000000000000
*default*        0x0000000000000000 0xffffffffffffffff

Linker script and memory map

LOAD /usr/lib/gcc/msp430/4.6.3/mmpy-16/crt0ivtbl16.o
LOAD example-collect-new.co
LOAD obj_sky/contiki-sky-main.o
LOAD contiki-sky.a
LOAD /usr/lib/gcc/msp430/4.6.3/mmpy-16/libgcc.a
LOAD /usr/lib/gcc/msp430/4.6.3/../../../../msp430/lib/mmpy-16/libc.a
LOAD /usr/lib/gcc/msp430/4.6.3/mmpy-16/libgcc.a
LOAD /usr/lib/gcc/msp430/4.6.3/mmpy-16/libcrt0.a
                0x0000000000000080                PROVIDE (__info_segment_size, 0x80)
                0x0000000000001000                PROVIDE (__infob, 0x1000)
                0x0000000000001080                PROVIDE (__infoa, 0x1080)
                0x0000000000000000                __IE1 = 0x0
                0x0000000000000002                __IFG1 = 0x2
                0x0000000000000004                __ME1 = 0x4
                0x0000000000000001                __IE2 = 0x1
                0x0000000000000003                __IFG2 = 0x3
                0x0000000000000005                __ME2 = 0x5
                0x0000000000000120                __WDTCTL = 0x120
                0x0000000000000130                __MPY = 0x130
                0x0000000000000132                __MPYS = 0x132
                0x0000000000000134                __MAC = 0x134
                0x0000000000000136                __MACS = 0x136
                0x0000000000000138                __OP2 = 0x138
                0x000000000000013a                __RESLO = 0x13a
                0x000000000000013c                __RESHI = 0x13c
                0x000000000000013e                __SUMEXT = 0x13e
                0x0000000000000020                __P1IN = 0x20
                0x0000000000000021                __P1OUT = 0x21
                0x0000000000000022                __P1DIR = 0x22
                0x0000000000000023                __P1IFG = 0x23
                0x0000000000000024                __P1IES = 0x24
                0x0000000000000025                __P1IE = 0x25
                0x0000000000000026                __P1SEL = 0x26
                0x0000000000000028                __P2IN = 0x28
                0x0000000000000029                __P2OUT = 0x29
                0x000000000000002a                __P2DIR = 0x2a
                0x000000000000002b                __P2IFG = 0x2b
                0x000000000000002c                __P2IES = 0x2c
                0x000000000000002d                __P2IE = 0x2d
                0x000000000000002e                __P2SEL = 0x2e
                0x0000000000000018                __P3IN = 0x18
                0x0000000000000019                __P3OUT = 0x19
                0x000000000000001a                __P3DIR = 0x1a
                0x000000000000001b                __P3SEL = 0x1b
                0x000000000000001c                __P4IN = 0x1c
                0x000000000000001d                __P4OUT = 0x1d
                0x000000000000001e                __P4DIR = 0x1e
                0x000000000000001f                __P4SEL = 0x1f
                0x0000000000000030                __P5IN = 0x30
                0x0000000000000031                __P5OUT = 0x31
                0x0000000000000032                __P5DIR = 0x32
                0x0000000000000033                __P5SEL = 0x33
                0x0000000000000034                __P6IN = 0x34
                0x0000000000000035                __P6OUT = 0x35
                0x0000000000000036                __P6DIR = 0x36
                0x0000000000000037                __P6SEL = 0x37
                0x0000000000000070                __U0CTL = 0x70
                0x0000000000000071                __U0TCTL = 0x71
                0x0000000000000072                __U0RCTL = 0x72
                0x0000000000000073                __U0MCTL = 0x73
                0x0000000000000074                __U0BR0 = 0x74
                0x0000000000000075                __U0BR1 = 0x75
                0x0000000000000076                __U0RXBUF = 0x76
                0x0000000000000077                __U0TXBUF = 0x77
                0x0000000000000078                __U1CTL = 0x78
                0x0000000000000079                __U1TCTL = 0x79
                0x000000000000007a                __U1RCTL = 0x7a
                0x000000000000007b                __U1MCTL = 0x7b
                0x000000000000007c                __U1BR0 = 0x7c
                0x000000000000007d                __U1BR1 = 0x7d
                0x000000000000007e                __U1RXBUF = 0x7e
                0x000000000000007f                __U1TXBUF = 0x7f
                0x0000000000000050                __I2CIE = 0x50
                0x0000000000000051                __I2CIFG = 0x51
                0x0000000000000052                __I2CNDAT = 0x52
                0x0000000000000071                __I2CTCTL = 0x71
                0x0000000000000072                __I2CDCTL = 0x72
                0x0000000000000073                __I2CPSC = 0x73
                0x0000000000000074                __I2CSCLH = 0x74
                0x0000000000000075                __I2CSCLL = 0x75
                0x0000000000000076                __I2CDRB = 0x76
                0x0000000000000076                __I2CDRW = 0x76
                0x0000000000000118                __I2COA = 0x118
                0x000000000000011a                __I2CSA = 0x11a
                0x000000000000011c                __I2CIV = 0x11c
                0x000000000000012e                __TAIV = 0x12e
                0x0000000000000160                __TACTL = 0x160
                0x0000000000000162                __TACCTL0 = 0x162
                0x0000000000000164                __TACCTL1 = 0x164
                0x0000000000000166                __TACCTL2 = 0x166
                0x0000000000000170                __TAR = 0x170
                0x0000000000000172                __TACCR0 = 0x172
                0x0000000000000174                __TACCR1 = 0x174
                0x0000000000000176                __TACCR2 = 0x176
                0x000000000000011e                __TBIV = 0x11e
                0x0000000000000180                __TBCTL = 0x180
                0x0000000000000182                __TBCCTL0 = 0x182
                0x0000000000000184                __TBCCTL1 = 0x184
                0x0000000000000186                __TBCCTL2 = 0x186
                0x0000000000000188                __TBCCTL3 = 0x188
                0x000000000000018a                __TBCCTL4 = 0x18a
                0x000000000000018c                __TBCCTL5 = 0x18c
                0x000000000000018e                __TBCCTL6 = 0x18e
                0x0000000000000190                __TBR = 0x190
                0x0000000000000192                __TBCCR0 = 0x192
                0x0000000000000194                __TBCCR1 = 0x194
                0x0000000000000196                __TBCCR2 = 0x196
                0x0000000000000198                __TBCCR3 = 0x198
                0x000000000000019a                __TBCCR4 = 0x19a
                0x000000000000019c                __TBCCR5 = 0x19c
                0x000000000000019e                __TBCCR6 = 0x19e
                0x0000000000000056                __DCOCTL = 0x56
                0x0000000000000057                __BCSCTL1 = 0x57
                0x0000000000000058                __BCSCTL2 = 0x58
                0x0000000000000055                __SVSCTL = 0x55
                0x0000000000000128                __FCTL1 = 0x128
                0x000000000000012a                __FCTL2 = 0x12a
                0x000000000000012c                __FCTL3 = 0x12c
                0x0000000000000059                __CACTL1 = 0x59
                0x000000000000005a                __CACTL2 = 0x5a
                0x000000000000005b                __CAPD = 0x5b
                0x00000000000001a0                __ADC12CTL0 = 0x1a0
                0x00000000000001a2                __ADC12CTL1 = 0x1a2
                0x00000000000001a4                __ADC12IFG = 0x1a4
                0x00000000000001a6                __ADC12IE = 0x1a6
                0x00000000000001a8                __ADC12IV = 0x1a8
                0x0000000000000140                __ADC12MEM0 = 0x140
                0x0000000000000142                __ADC12MEM1 = 0x142
                0x0000000000000144                __ADC12MEM2 = 0x144
                0x0000000000000146                __ADC12MEM3 = 0x146
                0x0000000000000148                __ADC12MEM4 = 0x148
                0x000000000000014a                __ADC12MEM5 = 0x14a
                0x000000000000014c                __ADC12MEM6 = 0x14c
                0x000000000000014e                __ADC12MEM7 = 0x14e
                0x0000000000000150                __ADC12MEM8 = 0x150
                0x0000000000000152                __ADC12MEM9 = 0x152
                0x0000000000000154                __ADC12MEM10 = 0x154
                0x0000000000000156                __ADC12MEM11 = 0x156
                0x0000000000000158                __ADC12MEM12 = 0x158
                0x000000000000015a                __ADC12MEM13 = 0x15a
                0x000000000000015c                __ADC12MEM14 = 0x15c
                0x000000000000015e                __ADC12MEM15 = 0x15e
                0x0000000000000080                __ADC12MCTL0 = 0x80
                0x0000000000000081                __ADC12MCTL1 = 0x81
                0x0000000000000082                __ADC12MCTL2 = 0x82
                0x0000000000000083                __ADC12MCTL3 = 0x83
                0x0000000000000084                __ADC12MCTL4 = 0x84
                0x0000000000000085                __ADC12MCTL5 = 0x85
                0x0000000000000086                __ADC12MCTL6 = 0x86
                0x0000000000000087                __ADC12MCTL7 = 0x87
                0x0000000000000088                __ADC12MCTL8 = 0x88
                0x0000000000000089                __ADC12MCTL9 = 0x89
                0x000000000000008a                __ADC12MCTL10 = 0x8a
                0x000000000000008b                __ADC12MCTL11 = 0x8b
                0x000000000000008c                __ADC12MCTL12 = 0x8c
                0x000000000000008d                __ADC12MCTL13 = 0x8d
                0x000000000000008e                __ADC12MCTL14 = 0x8e
                0x000000000000008f                __ADC12MCTL15 = 0x8f
                0x00000000000001c0                __DAC12_0CTL = 0x1c0
                0x00000000000001c2                __DAC12_1CTL = 0x1c2
                0x00000000000001c8                __DAC12_0DAT = 0x1c8
                0x00000000000001ca                __DAC12_1DAT = 0x1ca
                0x0000000000000122                __DMACTL0 = 0x122
                0x0000000000000124                __DMACTL1 = 0x124
                0x00000000000001e0                __DMA0CTL = 0x1e0
                0x00000000000001e8                __DMA1CTL = 0x1e8
                0x00000000000001f0                __DMA2CTL = 0x1f0
                0x00000000000001e2                __DMA0SA = 0x1e2
                0x00000000000001e4                __DMA0DA = 0x1e4
                0x00000000000001e6                __DMA0SZ = 0x1e6
                0x00000000000001ea                __DMA1SA = 0x1ea
                0x00000000000001ec                __DMA1DA = 0x1ec
                0x00000000000001ee                __DMA1SZ = 0x1ee
                0x00000000000001f2                __DMA2SA = 0x1f2
                0x00000000000001f4                __DMA2DA = 0x1f4
                0x00000000000001f6                __DMA2SZ = 0x1f6

.hash
 *(.hash)

.dynsym
 *(.dynsym)

.dynstr
 *(.dynstr)

.gnu.version
 *(.gnu.version)

.gnu.version_d
 *(.gnu.version_d)

.gnu.version_r
 *(.gnu.version_r)

.rel.init
 *(.rel.init)

.rela.init
 *(.rela.init)

.rel.fini
 *(.rel.fini)

.rela.fini
 *(.rela.fini)

.rel.text
 *(.rel.text .rel.text.* .rel.gnu.linkonce.t.*)

.rela.text
 *(.rela.text .rela.text.* .rela.gnu.linkonce.t.*)

.rel.rodata
 *(.rel.rodata .rel.rodata.* .rel.gnu.linkonce.r.*)

.rela.rodata
 *(.rela.rodata .rela.rodata.* .rela.gnu.linkonce.r.*)

.rel.data
 *(.rel.data .rel.data.* .rel.gnu.linkonce.d.*)

.rela.data
 *(.rela.data .rela.data.* .rela.gnu.linkonce.d.*)

.rel.bss
 *(.rel.bss .rel.bss.* .rel.gnu.linkonce.b.*)

.rela.bss
 *(.rela.bss .rela.bss.* .rela.gnu.linkonce.b.*)

.rel.ctors
 *(.rel.ctors)

.rela.ctors
 *(.rela.ctors)

.rel.dtors
 *(.rel.dtors)

.rela.dtors
 *(.rela.dtors)

.rel.got
 *(.rel.got)

.rela.got
 *(.rela.got)

.rel.plt
 *(.rel.plt)

.rela.plt
 *(.rela.plt)

.text           0x0000000000004000     0x659c
                0x0000000000004000                . = ALIGN (0x2)
 *(.init .init.*)
 *(.init0)
 .init0         0x0000000000004000        0x0 /usr/lib/gcc/msp430/4.6.3/mmpy-16/libcrt0.a(_reset_vector__.o)
                0x0000000000004000                _reset_vector__
 *(.init1)
 .init1         0x0000000000004000        0xc /usr/lib/gcc/msp430/4.6.3/mmpy-16/libcrt0.a(__watchdog_support.o)
                0x0000000000004000                __watchdog_support
 *(.init2)
 .init2         0x000000000000400c        0x4 /usr/lib/gcc/msp430/4.6.3/mmpy-16/libcrt0.a(__init_stack.o)
                0x000000000000400c                __init_stack
 *(.init3)
 .init3         0x0000000000004010        0x0 /usr/lib/gcc/msp430/4.6.3/mmpy-16/libcrt0.a(__low_level_init.o)
                0x0000000000004010                __low_level_init
 *(.init4)
 .init4         0x0000000000004010       0x18 /usr/lib/gcc/msp430/4.6.3/mmpy-16/libcrt0.a(_copy_data.o)
                0x0000000000004010                __do_copy_data
 .init4         0x0000000000004028       0x16 /usr/lib/gcc/msp430/4.6.3/mmpy-16/libcrt0.a(_clear_bss.o)
                0x0000000000004028                __do_clear_bss
 *(.init5)
 *(.init6)
 *(.init7)
 *(.init8)
 *(.init9)
 .init9         0x000000000000403e      0x2d0 obj_sky/contiki-sky-main.o
                0x000000000000403e                main
 *(.fini9)
 .fini9         0x000000000000430e        0x0 /usr/lib/gcc/msp430/4.6.3/mmpy-16/libcrt0.a(__stop_progExec__.o)
                0x000000000000430e                __stop_progExec__
 *(.fini8)
 *(.fini7)
 *(.fini6)
 *(.fini5)
 *(.fini4)
 *(.fini3)
 *(.fini2)
 *(.fini1)
 *(.fini0)
 .fini0         0x000000000000430e        0x6 /usr/lib/gcc/msp430/4.6.3/mmpy-16/libcrt0.a(_endless_loop__.o)
                0x000000000000430e                _endless_loop__
 *(.fini .fini.*)
                0x0000000000004314                . = ALIGN (0x2)
                0x0000000000004314                __ctors_start = .
 *(.ctors)
                0x0000000000004314                __ctors_end = .
                0x0000000000004314                __dtors_start = .
 *(.dtors)
                0x0000000000004314                __dtors_end = .
                0x0000000000004314                . = ALIGN (0x2)
 *(.text .text.* .gnu.linkonce.t.*)
 .text          0x0000000000004314        0x4 /usr/lib/gcc/msp430/4.6.3/mmpy-16/crt0ivtbl16.o
                0x0000000000004314                __isr_14
                0x0000000000004314                __isr_11
                0x0000000000004314                __isr_2
                0x0000000000004314                __isr_7
                0x0000000000004314                __isr_0
                0x0000000000004314                __isr_8
                0x0000000000004314                __isr_3
                0x0000000000004314                __isr_12
                0x0000000000004314                __isr_13
                0x0000000000004314                __isr_9
 .text.process_thread_example_collect_process
                0x0000000000004318      0x128 example-collect-new.co
 .text.recv     0x0000000000004440       0x82 example-collect-new.co
 .text.start_network_layer
                0x00000000000044c2       0x3c obj_sky/contiki-sky-main.o
 .text.init_platform
                0x00000000000044fe        0xc contiki-sky.a(contiki-sky-pla)
                0x00000000000044fe                init_platform
 .text.status   0x000000000000450a       0x16 contiki-sky.a(button-sensor.o)
 .text.configure
                0x0000000000004520       0x52 contiki-sky.a(button-sensor.o)
 .text.value    0x0000000000004572       0x22 contiki-sky.a(button-sensor.o)
 .text.irq_p2   0x0000000000004594       0x8a contiki-sky.a(button-sensor.o)
                0x0000000000004594                irq_p2
                0x0000000000004594                __isr_1
 .text.owreadb  0x000000000000461e       0x52 contiki-sky.a(ds2411.o)
 .text.ds2411_init
                0x0000000000004670      0x122 contiki-sky.a(ds2411.o)
                0x0000000000004670                ds2411_init
 .text.wait_ready
                0x0000000000004792       0x50 contiki-sky.a(xmem.o)
 .text.xmem_init
                0x00000000000047e2       0x3e contiki-sky.a(xmem.o)
                0x00000000000047e2                xmem_init
 .text.xmem_pread
                0x0000000000004820       0xea contiki-sky.a(xmem.o)
                0x0000000000004820                xmem_pread
 .text.node_id_restore
                0x000000000000490a       0x38 contiki-sky.a(node-id.o)
                0x000000000000490a                node_id_restore
 .text.process_thread_sensors_process
                0x0000000000004942       0xbe contiki-sky.a(sensors.o)
 .text.sensors_changed
                0x0000000000004a00       0x2a contiki-sky.a(sensors.o)
                0x0000000000004a00                sensors_changed
 .text.get_object
                0x0000000000004a2a        0x4 contiki-sky.a(cc2420.o)
 .text.set_object
                0x0000000000004a2e        0x4 contiki-sky.a(cc2420.o)
 .text.strobe   0x0000000000004a32       0x20 contiki-sky.a(cc2420.o)
 .text.getreg   0x0000000000004a52       0x54 contiki-sky.a(cc2420.o)
 .text.setreg   0x0000000000004aa6       0x52 contiki-sky.a(cc2420.o)
 .text.write_ram
                0x0000000000004af8       0x80 contiki-sky.a(cc2420.o)
 .text.write_fifo_buf
                0x0000000000004b78       0x40 contiki-sky.a(cc2420.o)
 .text.get_status
                0x0000000000004bb8       0x24 contiki-sky.a(cc2420.o)
 .text.set_txpower
                0x0000000000004bdc       0x26 contiki-sky.a(cc2420.o)
 .text.cc2420_receiving_packet
                0x0000000000004c02        0xe contiki-sky.a(cc2420.o)
 .text.pending_packet
                0x0000000000004c10        0x8 contiki-sky.a(cc2420.o)
 .text.on       0x0000000000004c18       0x1e contiki-sky.a(cc2420.o)
 .text.wait_for_transmission
                0x0000000000004c36       0x22 contiki-sky.a(cc2420.o)
 .text.wait_for_status
                0x0000000000004c58       0x2a contiki-sky.a(cc2420.o)
 .text.getrxdata
                0x0000000000004c82       0x56 contiki-sky.a(cc2420.o)
 .text.flushrx  0x0000000000004cd8       0x1a contiki-sky.a(cc2420.o)
 .text.off      0x0000000000004cf2       0x5a contiki-sky.a(cc2420.o)
 .text.RELEASE_LOCK
                0x0000000000004d4c       0x28 contiki-sky.a(cc2420.o)
 .text.set_key  0x0000000000004d74       0x18 contiki-sky.a(cc2420.o)
 .text.cc2420_prepare
                0x0000000000004d8c       0x3c contiki-sky.a(cc2420.o)
 .text.cc2420_on
                0x0000000000004dc8       0x22 contiki-sky.a(cc2420.o)
                0x0000000000004dc8                cc2420_on
 .text.cc2420_off
                0x0000000000004dea       0x30 contiki-sky.a(cc2420.o)
                0x0000000000004dea                cc2420_off
 .text.cc2420_cca
                0x0000000000004e1a       0x5e contiki-sky.a(cc2420.o)
 .text.cc2420_read
                0x0000000000004e78       0xb0 contiki-sky.a(cc2420.o)
 .text.process_thread_cc2420_process
                0x0000000000004f28       0x50 contiki-sky.a(cc2420.o)
 .text.encrypt  0x0000000000004f78       0x8e contiki-sky.a(cc2420.o)
 .text.cc2420_set_channel
                0x0000000000005006       0x3c contiki-sky.a(cc2420.o)
                0x0000000000005006                cc2420_set_channel
 .text.cc2420_set_pan_addr
                0x0000000000005042       0x4c contiki-sky.a(cc2420.o)
                0x0000000000005042                cc2420_set_pan_addr
 .text.cc2420_interrupt
                0x000000000000508e       0x18 contiki-sky.a(cc2420.o)
                0x000000000000508e                cc2420_interrupt
 .text.cc2420_set_txpower
                0x00000000000050a6        0xe contiki-sky.a(cc2420.o)
                0x00000000000050a6                cc2420_set_txpower
 .text.cc2420_get_txpower
                0x00000000000050b4       0x1e contiki-sky.a(cc2420.o)
                0x00000000000050b4                cc2420_get_txpower
 .text.cc2420_transmit
                0x00000000000050d2      0x12a contiki-sky.a(cc2420.o)
 .text.cc2420_send
                0x00000000000051fc       0x12 contiki-sky.a(cc2420.o)
 .text.cc2420_rssi
                0x000000000000520e       0x4c contiki-sky.a(cc2420.o)
                0x000000000000520e                cc2420_rssi
 .text.get_value
                0x000000000000525a       0xac contiki-sky.a(cc2420.o)
 .text.cc2420_set_cca_threshold
                0x0000000000005306       0x16 contiki-sky.a(cc2420.o)
                0x0000000000005306                cc2420_set_cca_threshold
 .text.set_value
                0x000000000000531c       0x8a contiki-sky.a(cc2420.o)
 .text.cc2420_init
                0x00000000000053a6       0xde contiki-sky.a(cc2420.o)
                0x00000000000053a6                cc2420_init
 .text.cc2420_port1_interrupt
                0x0000000000005484       0x62 contiki-sky.a(cc2420-arch.o)
                0x0000000000005484                __isr_4
                0x0000000000005484                cc2420_port1_interrupt
 .text.cc2420_arch_init
                0x00000000000054e6       0x1a contiki-sky.a(cc2420-arch.o)
                0x00000000000054e6                cc2420_arch_init
 .text.handle_rxdma_timer
                0x0000000000005500       0x3a contiki-sky.a(uart1.o)
 .text.uart1_active
                0x000000000000553a       0x1a contiki-sky.a(uart1.o)
                0x000000000000553a                uart1_active
 .text.uart1_set_input
                0x0000000000005554       0x20 contiki-sky.a(uart1.o)
                0x0000000000005554                uart1_set_input
 .text.uart1_writeb
                0x0000000000005574       0x1a contiki-sky.a(uart1.o)
                0x0000000000005574                uart1_writeb
 .text.uart1_init
                0x000000000000558e       0xf6 contiki-sky.a(uart1.o)
                0x000000000000558e                uart1_init
 .text.putchar  0x0000000000005684       0x10 contiki-sky.a(uart1-putchar.o)
                0x0000000000005684                putchar
 .text.msp430_init_dco
                0x0000000000005694       0x84 contiki-sky.a(msp430.o)
                0x0000000000005694                msp430_init_dco
 .text.msp430_add_lpm_req
                0x0000000000005718        0xc contiki-sky.a(msp430.o)
                0x0000000000005718                msp430_add_lpm_req
 .text.msp430_cpu_init
                0x0000000000005724       0x2a contiki-sky.a(msp430.o)
                0x0000000000005724                msp430_cpu_init
 .text.splhigh_
                0x000000000000574e        0x8 contiki-sky.a(msp430.o)
                0x000000000000574e                splhigh_
 .text.msp430_sync_dco
                0x0000000000005756       0x68 contiki-sky.a(msp430.o)
                0x0000000000005756                msp430_sync_dco
 .text.timera1  0x00000000000057be      0x11e contiki-sky.a(clock.o)
                0x00000000000057be                __isr_5
                0x00000000000057be                timera1
 .text.clock_time
                0x00000000000058dc       0x1a contiki-sky.a(clock.o)
                0x00000000000058dc                clock_time
 .text.clock_init
                0x00000000000058f6       0x28 contiki-sky.a(clock.o)
                0x00000000000058f6                clock_init
 .text.clock_delay
                0x000000000000591e        0xc contiki-sky.a(clock.o)
                0x000000000000591e                clock_delay
 .text.show_leds
                0x000000000000592a       0xf6 contiki-sky.a(leds.o)
 .text.leds_init
                0x0000000000005a20        0xa contiki-sky.a(leds.o)
                0x0000000000005a20                leds_init
 .text.leds_on  0x0000000000005a2a        0xa contiki-sky.a(leds.o)
                0x0000000000005a2a                leds_on
 .text.leds_off
                0x0000000000005a34        0xe contiki-sky.a(leds.o)
                0x0000000000005a34                leds_off
 .text.leds_arch_init
                0x0000000000005a42        0xe contiki-sky.a(leds-arch.o)
                0x0000000000005a42                leds_arch_init
 .text.leds_arch_set
                0x0000000000005a50       0x3a contiki-sky.a(leds-arch.o)
                0x0000000000005a50                leds_arch_set
 .text.watchdog_interrupt
                0x0000000000005a8a        0x6 contiki-sky.a(watchdog.o)
                0x0000000000005a8a                __isr_10
                0x0000000000005a8a                watchdog_interrupt
 .text.watchdog_start
                0x0000000000005a90       0x14 contiki-sky.a(watchdog.o)
                0x0000000000005a90                watchdog_start
 .text.watchdog_periodic
                0x0000000000005aa4       0x12 contiki-sky.a(watchdog.o)
                0x0000000000005aa4                watchdog_periodic
 .text.watchdog_stop
                0x0000000000005ab6       0x16 contiki-sky.a(watchdog.o)
                0x0000000000005ab6                watchdog_stop
 .text.watchdog_init
                0x0000000000005acc       0x14 contiki-sky.a(watchdog.o)
                0x0000000000005acc                watchdog_init
 .text.rtimer_arch_init
                0x0000000000005ae0        0xe contiki-sky.a(rtimer-arch.o)
                0x0000000000005ae0                rtimer_arch_init
 .text.rtimer_arch_now
                0x0000000000005aee        0xe contiki-sky.a(rtimer-arch.o)
                0x0000000000005aee                rtimer_arch_now
 .text.timera0  0x0000000000005afc       0x70 contiki-sky.a(rtimer-arch.o)
                0x0000000000005afc                __isr_6
                0x0000000000005afc                timera0
 .text.rtimer_arch_schedule
                0x0000000000005b6c        0x6 contiki-sky.a(rtimer-arch.o)
                0x0000000000005b6c                rtimer_arch_schedule
 .text.autostart_start
                0x0000000000005b72       0x16 contiki-sky.a(autostart.o)
                0x0000000000005b72                autostart_start
 .text.energest_init
                0x0000000000005b88       0x28 contiki-sky.a(energest.o)
                0x0000000000005b88                energest_init
 .text.energest_type_time
                0x0000000000005bb0       0x46 contiki-sky.a(energest.o)
                0x0000000000005bb0                energest_type_time
 .text.energest_type_set
                0x0000000000005bf6        0xe contiki-sky.a(energest.o)
                0x0000000000005bf6                energest_type_set
 .text.energest_flush
                0x0000000000005c04       0x48 contiki-sky.a(energest.o)
                0x0000000000005c04                energest_flush
 .text.update_time
                0x0000000000005c4c       0x78 contiki-sky.a(etimer.o)
 .text.etimer_request_poll
                0x0000000000005cc4        0xa contiki-sky.a(etimer.o)
                0x0000000000005cc4                etimer_request_poll
 .text.process_thread_etimer_process
                0x0000000000005cce       0xc8 contiki-sky.a(etimer.o)
 .text.add_timer
                0x0000000000005d96       0x40 contiki-sky.a(etimer.o)
 .text.etimer_set
                0x0000000000005dd6       0x12 contiki-sky.a(etimer.o)
                0x0000000000005dd6                etimer_set
 .text.etimer_reset
                0x0000000000005de8       0x12 contiki-sky.a(etimer.o)
                0x0000000000005de8                etimer_reset
 .text.etimer_restart
                0x0000000000005dfa       0x12 contiki-sky.a(etimer.o)
                0x0000000000005dfa                etimer_restart
 .text.etimer_expired
                0x0000000000005e0c        0xe contiki-sky.a(etimer.o)
                0x0000000000005e0c                etimer_expired
 .text.etimer_pending
                0x0000000000005e1a        0xc contiki-sky.a(etimer.o)
                0x0000000000005e1a                etimer_pending
 .text.etimer_next_expiration_time
                0x0000000000005e26       0x16 contiki-sky.a(etimer.o)
                0x0000000000005e26                etimer_next_expiration_time
 .text.etimer_stop
                0x0000000000005e3c       0x3c contiki-sky.a(etimer.o)
                0x0000000000005e3c                etimer_stop
 .text.process_thread_ctimer_process
                0x0000000000005e78       0xa4 contiki-sky.a(ctimer.o)
 .text.ctimer_init
                0x0000000000005f1c       0x18 contiki-sky.a(ctimer.o)
                0x0000000000005f1c                ctimer_init
 .text.ctimer_set
                0x0000000000005f34       0x50 contiki-sky.a(ctimer.o)
                0x0000000000005f34                ctimer_set
 .text.ctimer_reset
                0x0000000000005f84       0x30 contiki-sky.a(ctimer.o)
                0x0000000000005f84                ctimer_reset
 .text.ctimer_restart
                0x0000000000005fb4       0x30 contiki-sky.a(ctimer.o)
                0x0000000000005fb4                ctimer_restart
 .text.ctimer_stop
                0x0000000000005fe4       0x28 contiki-sky.a(ctimer.o)
                0x0000000000005fe4                ctimer_stop
 .text.call_process
                0x000000000000600c       0x4a contiki-sky.a(process.o)
 .text.exit_process
                0x0000000000006056       0x96 contiki-sky.a(process.o)
 .text.do_poll  0x00000000000060ec       0x30 contiki-sky.a(process.o)
 .text.process_alloc_event
                0x000000000000611c        0xe contiki-sky.a(process.o)
                0x000000000000611c                process_alloc_event
 .text.process_init
                0x000000000000612a       0x1c contiki-sky.a(process.o)
                0x000000000000612a                process_init
 .text.process_run
                0x0000000000006146       0xa2 contiki-sky.a(process.o)
                0x0000000000006146                process_run
 .text.process_nevents
                0x00000000000061e8        0xe contiki-sky.a(process.o)
                0x00000000000061e8                process_nevents
 .text.process_post
                0x00000000000061f6       0x54 contiki-sky.a(process.o)
                0x00000000000061f6                process_post
 .text.process_post_synch
                0x000000000000624a       0x12 contiki-sky.a(process.o)
                0x000000000000624a                process_post_synch
 .text.process_start
                0x000000000000625c       0x32 contiki-sky.a(process.o)
                0x000000000000625c                process_start
 .text.process_poll
                0x000000000000628e       0x18 contiki-sky.a(process.o)
                0x000000000000628e                process_poll
 .text.rtimer_init
                0x00000000000062a6        0x6 contiki-sky.a(rtimer.o)
                0x00000000000062a6                rtimer_init
 .text.rtimer_set
                0x00000000000062ac       0x24 contiki-sky.a(rtimer.o)
                0x00000000000062ac                rtimer_set
 .text.rtimer_run_next
                0x00000000000062d0       0x26 contiki-sky.a(rtimer.o)
                0x00000000000062d0                rtimer_run_next
 .text.timer_set
                0x00000000000062f6       0x1c contiki-sky.a(timer.o)
                0x00000000000062f6                timer_set
 .text.timer_reset
                0x0000000000006312        0xe contiki-sky.a(timer.o)
                0x0000000000006312                timer_reset
 .text.timer_restart
                0x0000000000006320       0x14 contiki-sky.a(timer.o)
                0x0000000000006320                timer_restart
 .text.timer_expired
                0x0000000000006334       0x2a contiki-sky.a(timer.o)
                0x0000000000006334                timer_expired
 .text.process_thread_serial_line_process
                0x000000000000635e       0x9c contiki-sky.a(serial-line.o)
 .text.serial_line_input_byte
                0x00000000000063fa       0x4a contiki-sky.a(serial-line.o)
                0x00000000000063fa                serial_line_input_byte
 .text.serial_line_init
                0x0000000000006444       0x1c contiki-sky.a(serial-line.o)
                0x0000000000006444                serial_line_init
 .text.list_init
                0x0000000000006460        0x6 contiki-sky.a(list.o)
                0x0000000000006460                list_init
 .text.list_head
                0x0000000000006466        0x4 contiki-sky.a(list.o)
                0x0000000000006466                list_head
 .text.list_tail
                0x000000000000646a       0x12 contiki-sky.a(list.o)
                0x000000000000646a                list_tail
 .text.list_remove
                0x000000000000647c       0x34 contiki-sky.a(list.o)
                0x000000000000647c                list_remove
 .text.list_push
                0x00000000000064b0       0x1a contiki-sky.a(list.o)
                0x00000000000064b0                list_push
 .text.list_add
                0x00000000000064ca       0x2a contiki-sky.a(list.o)
                0x00000000000064ca                list_add
 .text.list_length
                0x00000000000064f4       0x10 contiki-sky.a(list.o)
                0x00000000000064f4                list_length
 .text.list_item_next
                0x0000000000006504        0xc contiki-sky.a(list.o)
                0x0000000000006504                list_item_next
 .text.random_init
                0x0000000000006510        0x6 contiki-sky.a(random.o)
                0x0000000000006510                random_init
 .text.random_rand
                0x0000000000006516        0x6 contiki-sky.a(random.o)
                0x0000000000006516                random_rand
 .text.ringbuf_init
                0x000000000000651c       0x14 contiki-sky.a(ringbuf.o)
                0x000000000000651c                ringbuf_init
 .text.ringbuf_put
                0x0000000000006530       0x38 contiki-sky.a(ringbuf.o)
                0x0000000000006530                ringbuf_put
 .text.ringbuf_get
                0x0000000000006568       0x32 contiki-sky.a(ringbuf.o)
                0x0000000000006568                ringbuf_get
 .text.input    0x000000000000659a       0x3a contiki-sky.a(rime.o)
 .text.init     0x00000000000065d4       0x2e contiki-sky.a(rime.o)
 .text.packet_sent
                0x0000000000006602       0x44 contiki-sky.a(rime.o)
 .text.rime_output
                0x0000000000006646       0x24 contiki-sky.a(rime.o)
                0x0000000000006646                rime_output
 .text.adv_packet_sent
                0x000000000000666a        0x2 contiki-sky.a(broadcast-annou)
 .text.adv_packet_received
                0x000000000000666c       0x66 contiki-sky.a(broadcast-annou)
 .text.set_timers
                0x00000000000066d2       0x4a contiki-sky.a(broadcast-annou)
 .text.send_timer
                0x000000000000671c       0x36 contiki-sky.a(broadcast-annou)
 .text.new_announcement
                0x0000000000006752       0x18 contiki-sky.a(broadcast-annou)
 .text.send_adv
                0x000000000000676a       0x66 contiki-sky.a(broadcast-annou)
 .text.broadcast_announcement_init
                0x00000000000067d0       0x48 contiki-sky.a(broadcast-annou)
                0x00000000000067d0                broadcast_announcement_init
 .text.abc_open
                0x0000000000006818       0x26 contiki-sky.a(abc.o)
                0x0000000000006818                abc_open
 .text.abc_send
                0x000000000000683e        0x6 contiki-sky.a(abc.o)
                0x000000000000683e                abc_send
 .text.abc_input
                0x0000000000006844        0xe contiki-sky.a(abc.o)
                0x0000000000006844                abc_input
 .text.abc_sent
                0x0000000000006852       0x10 contiki-sky.a(abc.o)
                0x0000000000006852                abc_sent
 .text.chameleon_init
                0x0000000000006862        0x6 contiki-sky.a(chameleon.o)
                0x0000000000006862                chameleon_init
 .text.chameleon_parse
                0x0000000000006868       0x10 contiki-sky.a(chameleon.o)
                0x0000000000006868                chameleon_parse
 .text.chameleon_create
                0x0000000000006878       0x1c contiki-sky.a(chameleon.o)
                0x0000000000006878                chameleon_create
 .text.chameleon_hdrsize
                0x0000000000006894        0x6 contiki-sky.a(chameleon.o)
                0x0000000000006894                chameleon_hdrsize
 .text.channel_init
                0x000000000000689a        0xa contiki-sky.a(channel.o)
                0x000000000000689a                channel_init
 .text.channel_open
                0x00000000000068a4       0x10 contiki-sky.a(channel.o)
                0x00000000000068a4                channel_open
 .text.channel_lookup
                0x00000000000068b4       0x20 contiki-sky.a(channel.o)
                0x00000000000068b4                channel_lookup
 .text.channel_set_attributes
                0x00000000000068d4       0x24 contiki-sky.a(channel.o)
                0x00000000000068d4                channel_set_attributes
 .text.sent_by_abc
                0x00000000000068f8       0x10 contiki-sky.a(broadcast.o)
 .text.recv_from_abc
                0x0000000000006908       0x26 contiki-sky.a(broadcast.o)
 .text.broadcast_open
                0x000000000000692e       0x2a contiki-sky.a(broadcast.o)
                0x000000000000692e                broadcast_open
 .text.broadcast_send
                0x0000000000006958       0x1a contiki-sky.a(broadcast.o)
                0x0000000000006958                broadcast_send
 .text.send_packet
                0x0000000000006972       0x3a contiki-sky.a(collect.o)
 .text.enqueue_dummy_packet
                0x00000000000069ac       0x88 contiki-sky.a(collect.o)
 .text.send_ack
                0x0000000000006a34       0x78 contiki-sky.a(collect.o)
 .text.send_queued_packet
                0x0000000000006aac       0xc4 contiki-sky.a(collect.o)
 .text.send_next_packet
                0x0000000000006b70       0x2c contiki-sky.a(collect.o)
 .text.update_rtmetric
                0x0000000000006b9c       0xf8 contiki-sky.a(collect.o)
 .text.received_announcement
                0x0000000000006c94       0x9c contiki-sky.a(collect.o)
 .text.set_keepalive_timer
                0x0000000000006d30       0x5e contiki-sky.a(collect.o)
 .text.timedout
                0x0000000000006d8e       0x38 contiki-sky.a(collect.o)
 .text.retransmit_callback
                0x0000000000006dc6       0xcc contiki-sky.a(collect.o)
 .text.retransmit_not_sent_callback
                0x0000000000006e92        0xc contiki-sky.a(collect.o)
 .text.node_packet_sent
                0x0000000000006e9e       0x58 contiki-sky.a(collect.o)
 .text.send_keepalive
                0x0000000000006ef6       0x32 contiki-sky.a(collect.o)
 .text.add_packet_to_recent_packets.part.6
                0x0000000000006f28       0x4c contiki-sky.a(collect.o)
 .text.proactive_probing_callback
                0x0000000000006f74       0xe8 contiki-sky.a(collect.o)
 .text.aggregateCustomQueue
                0x000000000000705c       0xa4 contiki-sky.a(collect.o)
                0x000000000000705c                aggregateCustomQueue
 .text.aggregationCaller
                0x0000000000007100       0x1a contiki-sky.a(collect.o)
 .text.pushCustomQueue
                0x000000000000711a       0x74 contiki-sky.a(collect.o)
                0x000000000000711a                pushCustomQueue
 .text.get_event_id
                0x000000000000718e       0x2a contiki-sky.a(collect.o)
                0x000000000000718e                get_event_id
 .text.get_mote_list
                0x00000000000071b8       0x1a contiki-sky.a(collect.o)
                0x00000000000071b8                get_mote_list
 .text.node_packet_received
                0x00000000000071d2      0x37a contiki-sky.a(collect.o)
 .text.collect_open
                0x000000000000754c      0x102 contiki-sky.a(collect.o)
                0x000000000000754c                collect_open
 .text.collect_set_sink
                0x000000000000764e       0x68 contiki-sky.a(collect.o)
                0x000000000000764e                collect_set_sink
 .text.collect_send
                0x00000000000076b6       0xe8 contiki-sky.a(collect.o)
                0x00000000000076b6                collect_send
 .text.collect_parent
                0x000000000000779e        0x6 contiki-sky.a(collect.o)
                0x000000000000779e                collect_parent
 .text.periodic
                0x00000000000077a4       0x8e contiki-sky.a(collect-neighbo)
 .text.collect_neighbor_init
                0x0000000000007832       0x14 contiki-sky.a(collect-neighbo)
                0x0000000000007832                collect_neighbor_init
 .text.collect_neighbor_list_new
                0x0000000000007846       0x32 contiki-sky.a(collect-neighbo)
                0x0000000000007846                collect_neighbor_list_new
 .text.collect_neighbor_list_find
                0x0000000000007878       0x3a contiki-sky.a(collect-neighbo)
                0x0000000000007878                collect_neighbor_list_find
 .text.collect_neighbor_list_add
                0x00000000000078b2       0xaa contiki-sky.a(collect-neighbo)
                0x00000000000078b2                collect_neighbor_list_add
 .text.collect_neighbor_list
                0x000000000000795c        0xe contiki-sky.a(collect-neighbo)
                0x000000000000795c                collect_neighbor_list
 .text.collect_neighbor_update_rtmetric
                0x000000000000796a        0xe contiki-sky.a(collect-neighbo)
                0x000000000000796a                collect_neighbor_update_rtmetric
 .text.collect_neighbor_tx_fail
                0x0000000000007978       0x1e contiki-sky.a(collect-neighbo)
                0x0000000000007978                collect_neighbor_tx_fail
 .text.collect_neighbor_tx
                0x0000000000007996       0x1e contiki-sky.a(collect-neighbo)
                0x0000000000007996                collect_neighbor_tx
 .text.collect_neighbor_rtmetric_link_estimate
                0x00000000000079b4       0x1c contiki-sky.a(collect-neighbo)
                0x00000000000079b4                collect_neighbor_rtmetric_link_estimate
 .text.collect_neighbor_list_best
                0x00000000000079d0       0x4a contiki-sky.a(collect-neighbo)
                0x00000000000079d0                collect_neighbor_list_best
 .text.collect_neighbor_rtmetric
                0x0000000000007a1a        0xe contiki-sky.a(collect-neighbo)
                0x0000000000007a1a                collect_neighbor_rtmetric
 .text.collect_neighbor_set_congested
                0x0000000000007a28       0x14 contiki-sky.a(collect-neighbo)
                0x0000000000007a28                collect_neighbor_set_congested
 .text.collect_link_estimate_new
                0x0000000000007a3c       0x12 contiki-sky.a(collect-link-es)
                0x0000000000007a3c                collect_link_estimate_new
 .text.collect_link_estimate_update_tx
                0x0000000000007a4e       0x9e contiki-sky.a(collect-link-es)
                0x0000000000007a4e                collect_link_estimate_update_tx
 .text.collect_link_estimate_update_tx_fail
                0x0000000000007aec        0xc contiki-sky.a(collect-link-es)
                0x0000000000007aec                collect_link_estimate_update_tx_fail
 .text.collect_link_estimate
                0x0000000000007af8       0x18 contiki-sky.a(collect-link-es)
                0x0000000000007af8                collect_link_estimate
 .text.collect_link_estimate_num_estimates
                0x0000000000007b10        0xe contiki-sky.a(collect-link-es)
                0x0000000000007b10                collect_link_estimate_num_estimates
 .text.announcement_init
                0x0000000000007b1e        0xa contiki-sky.a(announcement.o)
                0x0000000000007b1e                announcement_init
 .text.announcement_register
                0x0000000000007b28       0x3e contiki-sky.a(announcement.o)
                0x0000000000007b28                announcement_register
 .text.announcement_set_value
                0x0000000000007b66       0x28 contiki-sky.a(announcement.o)
                0x0000000000007b66                announcement_set_value
 .text.announcement_bump
                0x0000000000007b8e       0x22 contiki-sky.a(announcement.o)
                0x0000000000007b8e                announcement_bump
 .text.announcement_register_observer_callback
                0x0000000000007bb0        0x6 contiki-sky.a(announcement.o)
                0x0000000000007bb0                announcement_register_observer_callback
 .text.announcement_list
                0x0000000000007bb6        0xa contiki-sky.a(announcement.o)
                0x0000000000007bb6                announcement_list
 .text.announcement_heard
                0x0000000000007bc0       0x42 contiki-sky.a(announcement.o)
                0x0000000000007bc0                announcement_heard
 .text.input_packet
                0x0000000000007c02        0x6 contiki-sky.a(csma.o)
 .text.on       0x0000000000007c08        0x6 contiki-sky.a(csma.o)
 .text.off      0x0000000000007c0e        0x6 contiki-sky.a(csma.o)
 .text.channel_check_interval
                0x0000000000007c14       0x10 contiki-sky.a(csma.o)
 .text.transmit_packet_list
                0x0000000000007c24       0x24 contiki-sky.a(csma.o)
 .text.send_packet
                0x0000000000007c48      0x184 contiki-sky.a(csma.o)
 .text.init     0x0000000000007dcc       0x1a contiki-sky.a(csma.o)
 .text.free_packet
                0x0000000000007de6       0x98 contiki-sky.a(csma.o)
 .text.packet_sent
                0x0000000000007e7e      0x12e contiki-sky.a(csma.o)
 .text.mac_call_sent_callback
                0x0000000000007fac       0x14 contiki-sky.a(mac.o)
                0x0000000000007fac                mac_call_sent_callback
 .text.queuebuf_init
                0x0000000000007fc0       0x12 contiki-sky.a(queuebuf.o)
                0x0000000000007fc0                queuebuf_init
 .text.queuebuf_new_from_packetbuf
                0x0000000000007fd2       0x52 contiki-sky.a(queuebuf.o)
                0x0000000000007fd2                queuebuf_new_from_packetbuf
 .text.queuebuf_update_attr_from_packetbuf
                0x0000000000008024       0x12 contiki-sky.a(queuebuf.o)
                0x0000000000008024                queuebuf_update_attr_from_packetbuf
 .text.queuebuf_update_from_packetbuf
                0x0000000000008036       0x22 contiki-sky.a(queuebuf.o)
                0x0000000000008036                queuebuf_update_from_packetbuf
 .text.queuebuf_free
                0x0000000000008058       0x2a contiki-sky.a(queuebuf.o)
                0x0000000000008058                queuebuf_free
 .text.queuebuf_to_packetbuf
                0x0000000000008082       0x32 contiki-sky.a(queuebuf.o)
                0x0000000000008082                queuebuf_to_packetbuf
 .text.queuebuf_attr
                0x00000000000080b4        0xe contiki-sky.a(queuebuf.o)
                0x00000000000080b4                queuebuf_attr
 .text.packetbuf_compact
                0x00000000000080c2       0x2e contiki-sky.a(packetbuf.o)
                0x00000000000080c2                packetbuf_compact
 .text.packetbuf_copyto
                0x00000000000080f0       0x52 contiki-sky.a(packetbuf.o)
                0x00000000000080f0                packetbuf_copyto
 .text.packetbuf_hdrreduce
                0x0000000000008142       0x1a contiki-sky.a(packetbuf.o)
                0x0000000000008142                packetbuf_hdrreduce
 .text.packetbuf_set_datalen
                0x000000000000815c        0x6 contiki-sky.a(packetbuf.o)
                0x000000000000815c                packetbuf_set_datalen
 .text.packetbuf_dataptr
                0x0000000000008162        0xe contiki-sky.a(packetbuf.o)
                0x0000000000008162                packetbuf_dataptr
 .text.packetbuf_hdrptr
                0x0000000000008170        0xa contiki-sky.a(packetbuf.o)
                0x0000000000008170                packetbuf_hdrptr
 .text.packetbuf_datalen
                0x000000000000817a        0x6 contiki-sky.a(packetbuf.o)
                0x000000000000817a                packetbuf_datalen
 .text.packetbuf_hdrlen
                0x0000000000008180       0x10 contiki-sky.a(packetbuf.o)
                0x0000000000008180                packetbuf_hdrlen
 .text.packetbuf_totlen
                0x0000000000008190        0xc contiki-sky.a(packetbuf.o)
                0x0000000000008190                packetbuf_totlen
 .text.packetbuf_hdralloc
                0x000000000000819c       0x2e contiki-sky.a(packetbuf.o)
                0x000000000000819c                packetbuf_hdralloc
 .text.packetbuf_attr_clear
                0x00000000000081ca       0x2c contiki-sky.a(packetbuf.o)
                0x00000000000081ca                packetbuf_attr_clear
 .text.packetbuf_clear
                0x00000000000081f6       0x1a contiki-sky.a(packetbuf.o)
                0x00000000000081f6                packetbuf_clear
 .text.packetbuf_copyfrom
                0x0000000000008210       0x2e contiki-sky.a(packetbuf.o)
                0x0000000000008210                packetbuf_copyfrom
 .text.packetbuf_attr_copyto
                0x000000000000823e       0x20 contiki-sky.a(packetbuf.o)
                0x000000000000823e                packetbuf_attr_copyto
 .text.packetbuf_attr_copyfrom
                0x000000000000825e       0x22 contiki-sky.a(packetbuf.o)
                0x000000000000825e                packetbuf_attr_copyfrom
 .text.packetbuf_holds_broadcast
                0x0000000000008280        0xe contiki-sky.a(packetbuf.o)
                0x0000000000008280                packetbuf_holds_broadcast
 .text.linkaddr_copy
                0x000000000000828e        0xc contiki-sky.a(linkaddr.o)
                0x000000000000828e                linkaddr_copy
 .text.linkaddr_cmp
                0x000000000000829a       0x12 contiki-sky.a(linkaddr.o)
                0x000000000000829a                linkaddr_cmp
 .text.linkaddr_set_node_addr
                0x00000000000082ac        0xc contiki-sky.a(linkaddr.o)
                0x00000000000082ac                linkaddr_set_node_addr
 .text.duty_cycle
                0x00000000000082b8        0x6 contiki-sky.a(contikimac.o)
 .text.init     0x00000000000082be       0x2a contiki-sky.a(contikimac.o)
 .text.on       0x00000000000082e8       0x1a contiki-sky.a(contikimac.o)
 .text.off      0x0000000000008302       0x22 contiki-sky.a(contikimac.o)
 .text.recv_burst_off
                0x0000000000008324        0xa contiki-sky.a(contikimac.o)
 .text.turn_off
                0x000000000000832e       0x20 contiki-sky.a(contikimac.o)
 .text.turn_on  0x000000000000834e       0x30 contiki-sky.a(contikimac.o)
 .text.schedule_powercycle_fixed.part.4
                0x000000000000837e       0x36 contiki-sky.a(contikimac.o)
 .text.powercycle_turn_radio_off
                0x00000000000083b4       0x30 contiki-sky.a(contikimac.o)
 .text.powercycle
                0x00000000000083e4      0x1d2 contiki-sky.a(contikimac.o)
 .text.input_packet
                0x00000000000085b6       0xb2 contiki-sky.a(contikimac.o)
 .text.send_packet.isra.7
                0x0000000000008668      0x1ec contiki-sky.a(contikimac.o)
 .text.qsend_list
                0x0000000000008854       0xc4 contiki-sky.a(contikimac.o)
 .text.qsend_packet
                0x0000000000008918       0x28 contiki-sky.a(contikimac.o)
 .text.hdr_length
                0x0000000000008940        0x8 contiki-sky.a(contikimac-fram)
 .text.parse    0x0000000000008948       0x3e contiki-sky.a(contikimac-fram)
 .text.create   0x0000000000008986       0x2a contiki-sky.a(contikimac-fram)
 .text.create_and_secure
                0x00000000000089b0       0x6a contiki-sky.a(contikimac-fram)
 .text.bootstrap
                0x0000000000008a1a        0x4 contiki-sky.a(nullsec.o)
 .text.send     0x0000000000008a1e        0xa contiki-sky.a(nullsec.o)
 .text.on_frame_created
                0x0000000000008a28        0x4 contiki-sky.a(nullsec.o)
 .text.input    0x0000000000008a2c        0x6 contiki-sky.a(nullsec.o)
 .text.get_overhead
                0x0000000000008a32        0x4 contiki-sky.a(nullsec.o)
 .text.spi_init
                0x0000000000008a36       0x32 contiki-sky.a(spi.o)
                0x0000000000008a36                spi_init
 .text.compower_accumulate
                0x0000000000008a68       0x72 contiki-sky.a(compower.o)
                0x0000000000008a68                compower_accumulate
 .text.compower_clear
                0x0000000000008ada       0x12 contiki-sky.a(compower.o)
                0x0000000000008ada                compower_clear
 .text.compower_attrconv
                0x0000000000008aec       0x10 contiki-sky.a(compower.o)
                0x0000000000008aec                compower_attrconv
 .text.memb_init
                0x0000000000008afc       0x36 contiki-sky.a(memb.o)
                0x0000000000008afc                memb_init
 .text.memb_alloc
                0x0000000000008b32       0x3e contiki-sky.a(memb.o)
                0x0000000000008b32                memb_alloc
 .text.memb_free
                0x0000000000008b70       0x3a contiki-sky.a(memb.o)
                0x0000000000008b70                memb_free
 .text.memb_inmemb
                0x0000000000008baa       0x2e contiki-sky.a(memb.o)
                0x0000000000008baa                memb_inmemb
 .text.remove_queued_packet
                0x0000000000008bd8       0x36 contiki-sky.a(packetqueue.o)
 .text.packetqueue_enqueue_packetbuf
                0x0000000000008c0e       0x7a contiki-sky.a(packetqueue.o)
                0x0000000000008c0e                packetqueue_enqueue_packetbuf
 .text.packetqueue_first
                0x0000000000008c88        0xa contiki-sky.a(packetqueue.o)
                0x0000000000008c88                packetqueue_first
 .text.packetqueue_dequeue
                0x0000000000008c92       0x40 contiki-sky.a(packetqueue.o)
                0x0000000000008c92                packetqueue_dequeue
 .text.packetqueue_len
                0x0000000000008cd2        0xa contiki-sky.a(packetqueue.o)
                0x0000000000008cd2                packetqueue_len
 .text.packetqueue_queuebuf
                0x0000000000008cdc        0xe contiki-sky.a(packetqueue.o)
                0x0000000000008cdc                packetqueue_queuebuf
 .text.header_size
                0x0000000000008cea       0x16 contiki-sky.a(chameleon-bitop)
 .text.get_bits_in_byte
                0x0000000000008d00       0x3a contiki-sky.a(chameleon-bitop)
                0x0000000000008d00                get_bits_in_byte
 .text.get_bits
                0x0000000000008d3a       0xa4 contiki-sky.a(chameleon-bitop)
                0x0000000000008d3a                get_bits
 .text.unpack_header
                0x0000000000008dde       0xd6 contiki-sky.a(chameleon-bitop)
 .text.set_bits_in_byte
                0x0000000000008eb4       0x2c contiki-sky.a(chameleon-bitop)
                0x0000000000008eb4                set_bits_in_byte
 .text.set_bits
                0x0000000000008ee0       0xd2 contiki-sky.a(chameleon-bitop)
                0x0000000000008ee0                set_bits
 .text.pack_header
                0x0000000000008fb2       0xbc contiki-sky.a(chameleon-bitop)
 .text.sent_by_broadcast
                0x000000000000906e       0x10 contiki-sky.a(unicast.o)
 .text.recv_from_broadcast
                0x000000000000907e       0x2e contiki-sky.a(unicast.o)
 .text.unicast_open
                0x00000000000090ac       0x2a contiki-sky.a(unicast.o)
                0x00000000000090ac                unicast_open
 .text.unicast_send
                0x00000000000090d6       0x16 contiki-sky.a(unicast.o)
                0x00000000000090d6                unicast_send
 .text.mac_sequence_is_duplicate
                0x00000000000090ec       0x3c contiki-sky.a(mac-sequence.o)
                0x00000000000090ec                mac_sequence_is_duplicate
 .text.mac_sequence_register_seqno
                0x0000000000009128       0x64 contiki-sky.a(mac-sequence.o)
                0x0000000000009128                mac_sequence_register_seqno
 .text.parse    0x000000000000918c       0x9e contiki-sky.a(framer-802154.o)
 .text.create_frame.isra.0
                0x000000000000922a      0x104 contiki-sky.a(framer-802154.o)
 .text.create   0x000000000000932e        0x8 contiki-sky.a(framer-802154.o)
 .text.hdr_length
                0x0000000000009336        0x8 contiki-sky.a(framer-802154.o)
 .text.field_len
                0x000000000000933e       0x98 contiki-sky.a(frame802154.o)
 .text.frame802154_hdrlen
                0x00000000000093d6       0x2e contiki-sky.a(frame802154.o)
                0x00000000000093d6                frame802154_hdrlen
 .text.frame802154_create
                0x0000000000009404      0x146 contiki-sky.a(frame802154.o)
                0x0000000000009404                frame802154_create
 .text.frame802154_parse
                0x000000000000954a      0x1da contiki-sky.a(frame802154.o)
                0x000000000000954a                frame802154_parse
 .text.framer_canonical_create_and_secure
                0x0000000000009724       0x20 contiki-sky.a(framer.o)
                0x0000000000009724                framer_canonical_create_and_secure
 .text.libgcc   0x0000000000009744       0x2c /usr/lib/gcc/msp430/4.6.3/mmpy-16/libgcc.a(_mulsi3.o)
                0x0000000000009744                __mulsi3
 .text.libgcc   0x0000000000009770       0x40 /usr/lib/gcc/msp430/4.6.3/mmpy-16/libgcc.a(_udivmod32.o)
                0x0000000000009770                __udivsi3
                0x0000000000009770                __ext_udivmod32
                0x00000000000097a6                __umodsi3
 .text          0x00000000000097b0       0x12 /usr/lib/gcc/msp430/4.6.3/../../../../msp430/lib/mmpy-16/libc.a(strchr.o)
                0x00000000000097b0                strchr
 .text          0x00000000000097c2       0x20 /usr/lib/gcc/msp430/4.6.3/../../../../msp430/lib/mmpy-16/libc.a(memcmp.o)
                0x00000000000097c2                memcmp
 .text          0x00000000000097e2       0x14 /usr/lib/gcc/msp430/4.6.3/../../../../msp430/lib/mmpy-16/libc.a(strcpy.o)
                0x00000000000097e2                strcpy
 .text          0x00000000000097f6       0xfa /usr/lib/gcc/msp430/4.6.3/../../../../msp430/lib/mmpy-16/libc.a(memcpy.o)
                0x00000000000097f6                memcpy
 .text          0x00000000000098f0       0x6a /usr/lib/gcc/msp430/4.6.3/../../../../msp430/lib/mmpy-16/libc.a(memset.o)
                0x00000000000098f0                memset
 .text          0x000000000000995a      0x114 /usr/lib/gcc/msp430/4.6.3/../../../../msp430/lib/mmpy-16/libc.a(malloc.o)
                0x000000000000995a                malloc
                0x0000000000009a66                free
 .text          0x0000000000009a6e       0x8a /usr/lib/gcc/msp430/4.6.3/../../../../msp430/lib/mmpy-16/libc.a(atoi.o)
                0x0000000000009a6e                atoi
 .text          0x0000000000009af8       0x1e /usr/lib/gcc/msp430/4.6.3/../../../../msp430/lib/mmpy-16/libc.a(printf.o)
                0x0000000000009af8                printf
                0x0000000000009b08                vprintf
 .text          0x0000000000009b16       0xbc /usr/lib/gcc/msp430/4.6.3/../../../../msp430/lib/mmpy-16/libc.a(sprintf.o)
                0x0000000000009b74                sprintf
                0x0000000000009b90                snprintf
                0x0000000000009baa                vsprintf
                0x0000000000009bc0                vsnprintf
 .text          0x0000000000009bd2      0x836 /usr/lib/gcc/msp430/4.6.3/../../../../msp430/lib/mmpy-16/libc.a(vuprintf.o)
                0x0000000000009d6a                vuprintf
 .text          0x000000000000a408       0x2c /usr/lib/gcc/msp430/4.6.3/../../../../msp430/lib/mmpy-16/libc.a(puts.o)
                0x000000000000a408                puts
 .text          0x000000000000a434       0x54 /usr/lib/gcc/msp430/4.6.3/../../../../msp430/lib/mmpy-16/libc.a(rand.o)
                0x000000000000a434                rand_r
                0x000000000000a458                rand
                0x000000000000a47e                srand
 .text.libgcc   0x000000000000a488       0x22 /usr/lib/gcc/msp430/4.6.3/mmpy-16/libgcc.a(_udivmod16.o)
                0x000000000000a488                __udivhi3
                0x000000000000a488                __ext_udivmod16
                0x000000000000a4a2                __umodhi3
 .text.libgcc   0x000000000000a4aa       0xf0 /usr/lib/gcc/msp430/4.6.3/mmpy-16/libgcc.a(_udivmod64.o)
                0x000000000000a4aa                __xabi_udivmod64
                0x000000000000a508                __udivdi3
                0x000000000000a52e                __umoddi3
                0x000000000000a55c                __udivmoddi4
 .text.crt0     0x000000000000a59a        0x2 /usr/lib/gcc/msp430/4.6.3/mmpy-16/libcrt0.a(_unexpected_.o)
                0x000000000000a59a                _unexpected_
                0x000000000000a59c                . = ALIGN (0x2)

.rodata         0x000000000000a59c      0x308
                0x000000000000a59c                . = ALIGN (0x2)
 *(.rodata .rodata.* .gnu.linkonce.r.*)
 .rodata        0x000000000000a59c       0xa8 example-collect-new.co
                0x000000000000a628                autostart_processes
 .rodata        0x000000000000a644       0xd7 obj_sky/contiki-sky-main.o
 *fill*         0x000000000000a71b        0x1 00
 .rodata        0x000000000000a71c       0x10 contiki-sky.a(button-sensor.o)
                0x000000000000a724                button_sensor
 .rodata        0x000000000000a72c        0x8 contiki-sky.a(sensors.o)
 .rodata        0x000000000000a734       0x5a contiki-sky.a(cc2420.o)
                0x000000000000a750                cc2420_aes_128_driver
                0x000000000000a754                cc2420_driver
 .rodata        0x000000000000a78e        0xc contiki-sky.a(etimer.o)
 .rodata        0x000000000000a79a        0xf contiki-sky.a(ctimer.o)
 .rodata        0x000000000000a7a9        0xe contiki-sky.a(serial-line.o)
 *fill*         0x000000000000a7b7        0x1 00
 .rodata        0x000000000000a7b8        0xc contiki-sky.a(rime.o)
                0x000000000000a7be                rime_driver
 .rodata        0x000000000000a7c4        0x4 contiki-sky.a(broadcast-annou)
 .rodata        0x000000000000a7c8        0x2 contiki-sky.a(abc.o)
 .rodata        0x000000000000a7ca        0x8 contiki-sky.a(broadcast.o)
 .rodata        0x000000000000a7d2       0x58 contiki-sky.a(collect.o)
 .rodata        0x000000000000a82a       0x14 contiki-sky.a(csma.o)
                0x000000000000a830                csma_driver
 .rodata        0x000000000000a83e        0x2 contiki-sky.a(linkaddr.o)
                0x000000000000a83e                linkaddr_null
 .rodata        0x000000000000a840       0x1c contiki-sky.a(contikimac.o)
                0x000000000000a84c                contikimac_driver
 .rodata        0x000000000000a85c        0x8 contiki-sky.a(contikimac-fram)
                0x000000000000a85c                contikimac_framer
 .rodata        0x000000000000a864       0x14 contiki-sky.a(nullsec.o)
                0x000000000000a86c                nullsec_driver
 .rodata        0x000000000000a878       0x10 contiki-sky.a(chameleon-bitop)
                0x000000000000a878                chameleon_bitopt
 .rodata        0x000000000000a888        0xa contiki-sky.a(unicast.o)
 .rodata        0x000000000000a892        0x8 contiki-sky.a(framer-802154.o)
                0x000000000000a892                framer_802154
 .rodata        0x000000000000a89a        0x2 contiki-sky.a(frame802154.o)
 .rodata        0x000000000000a89c        0x7 /usr/lib/gcc/msp430/4.6.3/../../../../msp430/lib/mmpy-16/libc.a(vuprintf.o)
                0x000000000000a8a4                . = ALIGN (0x2)
 *fill*         0x000000000000a8a3        0x1 00
                0x000000000000a8a4                _etext = .

.data           0x0000000000001100       0x7e load address 0x000000000000a8a4
                0x0000000000001100                . = ALIGN (0x2)
                0x0000000000001100                PROVIDE (__data_start, .)
 *(.data .data.* .gnu.linkonce.d.*)
 .data          0x0000000000001100        0xa example-collect-new.co
                0x0000000000001100                example_collect_process
 .data          0x000000000000110a        0x4 contiki-sky.a(contiki-sky-pla)
                0x000000000000110a                sensors
 .data          0x000000000000110e        0xa contiki-sky.a(sensors.o)
                0x000000000000110e                sensors_process
 .data          0x0000000000001118        0xa contiki-sky.a(cc2420.o)
                0x0000000000001118                cc2420_process
 .data          0x0000000000001122        0x2 contiki-sky.a(msp430.o)
 .data          0x0000000000001124        0xa contiki-sky.a(etimer.o)
                0x0000000000001124                etimer_process
 .data          0x000000000000112e        0xa contiki-sky.a(ctimer.o)
                0x000000000000112e                ctimer_process
 .data          0x0000000000001138        0xa contiki-sky.a(serial-line.o)
                0x0000000000001138                serial_line_process
 .data          0x0000000000001142        0x8 contiki-sky.a(collect.o)
 .data          0x000000000000114a        0x8 contiki-sky.a(collect-neighbo)
 .data          0x0000000000001152       0x18 contiki-sky.a(csma.o)
 .data          0x000000000000116a       0x10 contiki-sky.a(queuebuf.o)
 .data          0x000000000000117a        0x4 /usr/lib/gcc/msp430/4.6.3/../../../../msp430/lib/mmpy-16/libc.a(rand.o)
                0x000000000000117e                . = ALIGN (0x2)
                0x000000000000117e                _edata = .
                0x000000000000a8a4                PROVIDE (__data_load_start, LOADADDR (.data))
                0x000000000000007e                PROVIDE (__data_size, SIZEOF (.data))

.bss            0x000000000000117e     0x178c load address 0x000000000000a922
                0x000000000000117e                PROVIDE (__bss_start, .)
 *(.bss .bss.*)
 .bss           0x000000000000117e       0xac example-collect-new.co
 .bss           0x000000000000122a        0xc obj_sky/contiki-sky-main.o
 .bss           0x0000000000001236        0x8 contiki-sky.a(button-sensor.o)
 .bss           0x000000000000123e        0x2 contiki-sky.a(node-id.o)
                0x000000000000123e                node_id
 .bss           0x0000000000001240        0x6 contiki-sky.a(sensors.o)
 .bss           0x0000000000001246        0x8 contiki-sky.a(cc2420.o)
 .bss           0x000000000000124e       0x9a contiki-sky.a(uart1.o)
 .bss           0x00000000000012e8        0xa contiki-sky.a(clock.o)
 .bss           0x00000000000012f2        0x1 contiki-sky.a(leds.o)
 *fill*         0x00000000000012f3        0x1 00
 .bss           0x00000000000012f4        0x2 contiki-sky.a(watchdog.o)
 .bss           0x00000000000012f6        0x6 contiki-sky.a(etimer.o)
 .bss           0x00000000000012fc        0x4 contiki-sky.a(ctimer.o)
 .bss           0x0000000000001300       0x42 contiki-sky.a(process.o)
                0x0000000000001300                process_current
                0x0000000000001302                process_list
 .bss           0x0000000000001342        0x2 contiki-sky.a(rtimer.o)
 .bss           0x0000000000001344      0x10a contiki-sky.a(serial-line.o)
 .bss           0x000000000000144e        0x2 contiki-sky.a(rime.o)
 .bss           0x0000000000001450       0x46 contiki-sky.a(broadcast-annou)
 .bss           0x0000000000001496        0x2 contiki-sky.a(channel.o)
 .bss           0x0000000000001498      0x1c0 contiki-sky.a(collect.o)
                0x0000000000001498                aggregation_head
 .bss           0x0000000000001658      0x322 contiki-sky.a(collect-neighbo)
 .bss           0x000000000000197a        0x6 contiki-sky.a(announcement.o)
 .bss           0x0000000000001980      0x128 contiki-sky.a(csma.o)
 .bss           0x0000000000001aa8      0xc20 contiki-sky.a(queuebuf.o)
 .bss           0x00000000000026c8       0xb8 contiki-sky.a(packetbuf.o)
 .bss           0x0000000000002780       0x32 contiki-sky.a(contikimac.o)
 .bss           0x00000000000027b2        0x8 contiki-sky.a(compower.o)
 .bss           0x00000000000027ba       0x40 contiki-sky.a(mac-sequence.o)
 .bss           0x00000000000027fa        0x2 contiki-sky.a(framer-802154.o)
 .bss           0x00000000000027fc        0x1 /usr/lib/gcc/msp430/4.6.3/../../../../msp430/lib/mmpy-16/libc.a(malloc.o)
 *fill*         0x00000000000027fd        0x1 00
 .bss           0x00000000000027fe        0x4 /usr/lib/gcc/msp430/4.6.3/../../../../msp430/lib/mmpy-16/libc.a(sprintf.o)
 *(COMMON)
 COMMON         0x0000000000002802       0x14 example-collect-new.co
                0x0000000000002802                aggregation_timer
 COMMON         0x0000000000002816        0x2 contiki-sky.a(contiki-sky-pla)
                0x0000000000002816                sensors_flags
 COMMON         0x0000000000002818        0x8 contiki-sky.a(ds2411.o)
                0x0000000000002818                ds2411_id
 COMMON         0x0000000000002820        0x1 contiki-sky.a(sensors.o)
                0x0000000000002820                sensors_event
 *fill*         0x0000000000002821        0x1 00
 COMMON         0x0000000000002822       0x10 contiki-sky.a(cc2420.o)
                0x0000000000002822                cc2420_last_rssi
                0x0000000000002824                cc2420_sfd_start_time
                0x0000000000002826                cc2420_time_of_departure
                0x0000000000002828                cc2420_time_of_arrival
                0x000000000000282a                cc2420_last_correlation
                0x000000000000282c                cc2420_authority_level_of_sender
                0x000000000000282e                cc2420_sfd_counter
                0x0000000000002830                cc2420_sfd_end_time
 COMMON         0x0000000000002832        0x2 contiki-sky.a(msp430.o)
                0x0000000000002832                msp430_dco_required
 COMMON         0x0000000000002834       0x56 contiki-sky.a(energest.o)
                0x0000000000002834                energest_total_time
                0x0000000000002864                energest_total_count
                0x0000000000002866                energest_current_mode
                0x0000000000002872                energest_current_time
 COMMON         0x000000000000288a        0x1 contiki-sky.a(process.o)
                0x000000000000288a                process_maxevents
 COMMON         0x000000000000288b        0x1 contiki-sky.a(serial-line.o)
                0x000000000000288b                serial_line_event_message
 COMMON         0x000000000000288c       0x38 contiki-sky.a(collect.o)
                0x000000000000288c                stats
 COMMON         0x00000000000028c4       0x3c contiki-sky.a(packetbuf.o)
                0x00000000000028c4                packetbuf_addrs
                0x00000000000028cc                packetbuf_attrs
 COMMON         0x0000000000002900        0x2 contiki-sky.a(linkaddr.o)
                0x0000000000002900                linkaddr_node_addr
 COMMON         0x0000000000002902        0x8 contiki-sky.a(compower.o)
                0x0000000000002902                compower_idle_activity
                0x000000000000290a                . = ALIGN (0x2)
                0x000000000000290a                PROVIDE (__bss_end, .)
                0x000000000000178c                PROVIDE (__bss_size, SIZEOF (.bss))

.noinit         0x000000000000290a        0x2 load address 0x000000000000a922
                0x000000000000290a                PROVIDE (__noinit_start, .)
 *(.noinit .noinit.*)
 .noinit.crt0   0x000000000000290a        0x2 /usr/lib/gcc/msp430/4.6.3/mmpy-16/libcrt0.a(__watchdog_support.o)
                0x000000000000290a                __wdt_clear_value
                0x000000000000290c                . = ALIGN (0x2)
                0x000000000000290c                PROVIDE (__noinit_end, .)
                0x000000000000290c                . = ALIGN (0x2)
                0x000000000000290c                _end = .

.infomem        0x0000000000001000        0x0
 *(.infomem)
                0x0000000000001000                . = ALIGN (0x2)
 *(.infomem.*)

.infomemnobits  0x0000000000001000        0x0
 *(.infomemnobits)
                0x0000000000001000                . = ALIGN (0x2)
 *(.infomemnobits.*)

.infoa
 *(.infoa .infoa.*)

.infob
 *(.infob .infob.*)

.infoc
 *(.infoc .infoc.*)

.infod
 *(.infod .infod.*)

.vectors        0x000000000000ffe0       0x20
                0x000000000000ffe0                PROVIDE (__vectors_start, .)
 *(.vectors*)
 .vectors       0x000000000000ffe0       0x20 /usr/lib/gcc/msp430/4.6.3/mmpy-16/crt0ivtbl16.o
                0x000000000000ffe0                __ivtbl_16
                0x0000000000010000                _vectors_end = .

.fartext        0x0000000000000000        0x0
                0x0000000000000000                . = ALIGN (0x2)
 *(.fartext)
                0x0000000000000000                . = ALIGN (0x2)
 *(.fartext.*)
                0x0000000000000000                _efartext = .

.profiler
 *(.profiler)

.stab           0x0000000000000000    0x1e354
 *(.stab)
 .stab          0x0000000000000000     0x1464 example-collect-new.co
 .stab          0x0000000000001464     0x105c obj_sky/contiki-sky-main.o
                                       0x17ac (size before relaxing)
 .stab          0x00000000000024c0      0x258 contiki-sky.a(contiki-sky-pla)
                                        0x5b8 (size before relaxing)
 .stab          0x0000000000002718      0x468 contiki-sky.a(button-sensor.o)
                                        0x7d4 (size before relaxing)
 .stab          0x0000000000002b80      0x624 contiki-sky.a(ds2411.o)
                                        0xb40 (size before relaxing)
 .stab          0x00000000000031a4      0xa38 contiki-sky.a(xmem.o)
                                        0xf60 (size before relaxing)
 .stab          0x0000000000003bdc      0x2b8 contiki-sky.a(node-id.o)
                                        0x4e0 (size before relaxing)
 .stab          0x0000000000003e94      0x654 contiki-sky.a(sensors.o)
                                        0xb70 (size before relaxing)
 .stab          0x00000000000044e8     0x2310 contiki-sky.a(cc2420.o)
                                       0x2cc4 (size before relaxing)
 .stab          0x00000000000067f8      0x9d8 contiki-sky.a(cc2420-arch.o)
                                       0x1404 (size before relaxing)
 .stab          0x00000000000071d0      0x60c contiki-sky.a(uart1.o)
                                        0x960 (size before relaxing)
 .stab          0x00000000000077dc      0x27c contiki-sky.a(uart1-putchar.o)
                                        0x7bc (size before relaxing)
 .stab          0x0000000000007a58      0x744 contiki-sky.a(msp430.o)
                                        0xa98 (size before relaxing)
 .stab          0x000000000000819c      0x948 contiki-sky.a(clock.o)
                                        0xc9c (size before relaxing)
 .stab          0x0000000000008ae4      0x5dc contiki-sky.a(leds.o)
                                        0x828 (size before relaxing)
 .stab          0x00000000000090c0      0x3a8 contiki-sky.a(leds-arch.o)
                                        0x6fc (size before relaxing)
 .stab          0x0000000000009468      0x3fc contiki-sky.a(watchdog.o)
                                        0x750 (size before relaxing)
 .stab          0x0000000000009864      0x3cc contiki-sky.a(rtimer-arch.o)
                                        0x720 (size before relaxing)
 .stab          0x0000000000009c30      0x294 contiki-sky.a(autostart.o)
                                        0x534 (size before relaxing)
 .stab          0x0000000000009ec4      0x474 contiki-sky.a(energest.o)
                                        0x6fc (size before relaxing)
 .stab          0x000000000000a338      0xa38 contiki-sky.a(etimer.o)
                                        0xd08 (size before relaxing)
 .stab          0x000000000000ad70      0x7a4 contiki-sky.a(ctimer.o)
                                        0xb10 (size before relaxing)
 .stab          0x000000000000b514      0xb7c contiki-sky.a(process.o)
                                       0x1014 (size before relaxing)
 .stab          0x000000000000c090      0x3d8 contiki-sky.a(rtimer.o)
                                        0x6c0 (size before relaxing)
 .stab          0x000000000000c468      0x354 contiki-sky.a(timer.o)
                                        0x594 (size before relaxing)
 .stab          0x000000000000c7bc      0x534 contiki-sky.a(serial-line.o)
                                        0xa50 (size before relaxing)
 .stab          0x000000000000ccf0      0x7f8 contiki-sky.a(list.o)
                                        0x804 (size before relaxing)
 .stab          0x000000000000d4e8      0x24c contiki-sky.a(random.o)
                                        0x624 (size before relaxing)
 .stab          0x000000000000d734      0x3fc contiki-sky.a(ringbuf.o)
                                        0x63c (size before relaxing)
 .stab          0x000000000000db30      0xcd8 contiki-sky.a(rime.o)
                                       0x141c (size before relaxing)
 .stab          0x000000000000e808      0x948 contiki-sky.a(broadcast-annou)
                                       0x15c0 (size before relaxing)
 .stab          0x000000000000f150      0x66c contiki-sky.a(abc.o)
                                       0x14a0 (size before relaxing)
 .stab          0x000000000000f7bc      0x5e8 contiki-sky.a(chameleon.o)
                                       0x123c (size before relaxing)
 .stab          0x000000000000fda4      0x624 contiki-sky.a(channel.o)
                                       0x129c (size before relaxing)
 .stab          0x00000000000103c8      0x6d8 contiki-sky.a(broadcast.o)
                                       0x150c (size before relaxing)
 .stab          0x0000000000010aa0     0x2850 contiki-sky.a(collect.o)
                                       0x33b4 (size before relaxing)
 .stab          0x00000000000132f0      0xffc contiki-sky.a(collect-neighbo)
                                       0x1a64 (size before relaxing)
 .stab          0x00000000000142ec      0x5e8 contiki-sky.a(collect-link-es)
                                       0x1014 (size before relaxing)
 .stab          0x00000000000148d4      0x6e4 contiki-sky.a(announcement.o)
                                        0x984 (size before relaxing)
 .stab          0x0000000000014fb8      0xdc8 contiki-sky.a(csma.o)
                                       0x15b4 (size before relaxing)
 .stab          0x0000000000015d80      0x1f8 contiki-sky.a(mac.o)
                                        0x4ec (size before relaxing)
 .stab          0x0000000000015f78      0xa5c contiki-sky.a(queuebuf.o)
                                       0x1890 (size before relaxing)
 .stab          0x00000000000169d4      0xda4 contiki-sky.a(packetbuf.o)
                                       0x1bf0 (size before relaxing)
 .stab          0x0000000000017778      0x2c4 contiki-sky.a(linkaddr.o)
                                        0x6c0 (size before relaxing)
 .stab          0x0000000000017a3c     0x16ec contiki-sky.a(contikimac.o)
                                       0x22f8 (size before relaxing)
 .stab          0x0000000000019128      0x6e4 contiki-sky.a(contikimac-fram)
                                        0xf24 (size before relaxing)
 .stab          0x000000000001980c      0x6a8 contiki-sky.a(nullsec.o)
                                        0xda4 (size before relaxing)
 .stab          0x0000000000019eb4      0x204 contiki-sky.a(spi.o)
                                        0x42c (size before relaxing)
 .stab          0x000000000001a0b8      0x51c contiki-sky.a(compower.o)
                                        0xd20 (size before relaxing)
 .stab          0x000000000001a5d4      0x5c4 contiki-sky.a(memb.o)
                                        0xaf8 (size before relaxing)
 .stab          0x000000000001ab98      0x8ac contiki-sky.a(packetqueue.o)
                                        0xf84 (size before relaxing)
 .stab          0x000000000001b444      0xd80 contiki-sky.a(chameleon-bitop)
                                       0x19f8 (size before relaxing)
 .stab          0x000000000001c1c4      0x624 contiki-sky.a(unicast.o)
                                       0x129c (size before relaxing)
 .stab          0x000000000001c7e8      0x600 contiki-sky.a(mac-sequence.o)
                                       0x144c (size before relaxing)
 .stab          0x000000000001cde8      0x930 contiki-sky.a(framer-802154.o)
                                        0xf6c (size before relaxing)
 .stab          0x000000000001d718      0x924 contiki-sky.a(frame802154.o)
                                       0x10f8 (size before relaxing)
 .stab          0x000000000001e03c      0x318 contiki-sky.a(framer.o)
                                        0xc54 (size before relaxing)

.stabstr        0x0000000000000000    0x17161
 *(.stabstr)
 .stabstr       0x0000000000000000    0x17161 example-collect-new.co

.stab.excl
 *(.stab.excl)

.stab.exclstr
 *(.stab.exclstr)

.stab.index
 *(.stab.index)

.stab.indexstr
 *(.stab.indexstr)

.comment
 *(.comment)

.debug
 *(.debug)

.line
 *(.line)

.debug_srcinfo
 *(.debug_srcinfo)

.debug_sfnames
 *(.debug_sfnames)

.debug_aranges  0x0000000000000000      0x1cc
 *(.debug_aranges)
 .debug_aranges
                0x0000000000000000       0x14 /usr/lib/gcc/msp430/4.6.3/mmpy-16/libgcc.a(_mulsi3.o)
 .debug_aranges
                0x0000000000000014       0x14 /usr/lib/gcc/msp430/4.6.3/mmpy-16/libgcc.a(_udivmod32.o)
 .debug_aranges
                0x0000000000000028       0x14 /usr/lib/gcc/msp430/4.6.3/../../../../msp430/lib/mmpy-16/libc.a(strchr.o)
 .debug_aranges
                0x000000000000003c       0x14 /usr/lib/gcc/msp430/4.6.3/../../../../msp430/lib/mmpy-16/libc.a(strncmp.o)
 .debug_aranges
                0x0000000000000050       0x14 /usr/lib/gcc/msp430/4.6.3/../../../../msp430/lib/mmpy-16/libc.a(memcmp.o)
 .debug_aranges
                0x0000000000000064       0x14 /usr/lib/gcc/msp430/4.6.3/../../../../msp430/lib/mmpy-16/libc.a(strcpy.o)
 .debug_aranges
                0x0000000000000078       0x14 /usr/lib/gcc/msp430/4.6.3/../../../../msp430/lib/mmpy-16/libc.a(memcpy.o)
 .debug_aranges
                0x000000000000008c       0x14 /usr/lib/gcc/msp430/4.6.3/../../../../msp430/lib/mmpy-16/libc.a(memset.o)
 .debug_aranges
                0x00000000000000a0       0x14 /usr/lib/gcc/msp430/4.6.3/../../../../msp430/lib/mmpy-16/libc.a(malloc.o)
 .debug_aranges
                0x00000000000000b4       0x14 /usr/lib/gcc/msp430/4.6.3/../../../../msp430/lib/mmpy-16/libc.a(atoi.o)
 .debug_aranges
                0x00000000000000c8       0x14 /usr/lib/gcc/msp430/4.6.3/../../../../msp430/lib/mmpy-16/libc.a(printf.o)
 .debug_aranges
                0x00000000000000dc       0x14 /usr/lib/gcc/msp430/4.6.3/../../../../msp430/lib/mmpy-16/libc.a(sprintf.o)
 .debug_aranges
                0x00000000000000f0       0x14 /usr/lib/gcc/msp430/4.6.3/../../../../msp430/lib/mmpy-16/libc.a(vuprintf.o)
 .debug_aranges
                0x0000000000000104       0x14 /usr/lib/gcc/msp430/4.6.3/../../../../msp430/lib/mmpy-16/libc.a(puts.o)
 .debug_aranges
                0x0000000000000118       0x14 /usr/lib/gcc/msp430/4.6.3/../../../../msp430/lib/mmpy-16/libc.a(rand.o)
 .debug_aranges
                0x000000000000012c       0x14 /usr/lib/gcc/msp430/4.6.3/mmpy-16/libgcc.a(_udivmod16.o)
 .debug_aranges
                0x0000000000000140       0x14 /usr/lib/gcc/msp430/4.6.3/mmpy-16/libgcc.a(_udivmod64.o)
 .debug_aranges
                0x0000000000000154       0x14 /usr/lib/gcc/msp430/4.6.3/mmpy-16/libcrt0.a(__watchdog_support.o)
 .debug_aranges
                0x0000000000000168       0x14 /usr/lib/gcc/msp430/4.6.3/mmpy-16/libcrt0.a(__init_stack.o)
 .debug_aranges
                0x000000000000017c       0x14 /usr/lib/gcc/msp430/4.6.3/mmpy-16/libcrt0.a(_copy_data.o)
 .debug_aranges
                0x0000000000000190       0x14 /usr/lib/gcc/msp430/4.6.3/mmpy-16/libcrt0.a(_clear_bss.o)
 .debug_aranges
                0x00000000000001a4       0x14 /usr/lib/gcc/msp430/4.6.3/mmpy-16/libcrt0.a(_endless_loop__.o)
 .debug_aranges
                0x00000000000001b8       0x14 /usr/lib/gcc/msp430/4.6.3/mmpy-16/libcrt0.a(_unexpected_.o)

.debug_pubnames
 *(.debug_pubnames)

.debug_info     0x0000000000000000     0x1a50
 *(.debug_info)
 .debug_info    0x0000000000000000       0xec /usr/lib/gcc/msp430/4.6.3/mmpy-16/libgcc.a(_mulsi3.o)
 .debug_info    0x00000000000000ec       0xec /usr/lib/gcc/msp430/4.6.3/mmpy-16/libgcc.a(_udivmod32.o)
 .debug_info    0x00000000000001d8       0xa7 /usr/lib/gcc/msp430/4.6.3/../../../../msp430/lib/mmpy-16/libc.a(strchr.o)
 .debug_info    0x000000000000027f       0xbb /usr/lib/gcc/msp430/4.6.3/../../../../msp430/lib/mmpy-16/libc.a(strncmp.o)
 .debug_info    0x000000000000033a       0xe8 /usr/lib/gcc/msp430/4.6.3/../../../../msp430/lib/mmpy-16/libc.a(memcmp.o)
 .debug_info    0x0000000000000422       0xb6 /usr/lib/gcc/msp430/4.6.3/../../../../msp430/lib/mmpy-16/libc.a(strcpy.o)
 .debug_info    0x00000000000004d8      0x113 /usr/lib/gcc/msp430/4.6.3/../../../../msp430/lib/mmpy-16/libc.a(memcpy.o)
 .debug_info    0x00000000000005eb       0xfe /usr/lib/gcc/msp430/4.6.3/../../../../msp430/lib/mmpy-16/libc.a(memset.o)
 .debug_info    0x00000000000006e9      0x151 /usr/lib/gcc/msp430/4.6.3/../../../../msp430/lib/mmpy-16/libc.a(malloc.o)
 .debug_info    0x000000000000083a       0xb4 /usr/lib/gcc/msp430/4.6.3/../../../../msp430/lib/mmpy-16/libc.a(atoi.o)
 .debug_info    0x00000000000008ee      0x105 /usr/lib/gcc/msp430/4.6.3/../../../../msp430/lib/mmpy-16/libc.a(printf.o)
 .debug_info    0x00000000000009f3      0x277 /usr/lib/gcc/msp430/4.6.3/../../../../msp430/lib/mmpy-16/libc.a(sprintf.o)
 .debug_info    0x0000000000000c6a      0x565 /usr/lib/gcc/msp430/4.6.3/../../../../msp430/lib/mmpy-16/libc.a(vuprintf.o)
 .debug_info    0x00000000000011cf       0x96 /usr/lib/gcc/msp430/4.6.3/../../../../msp430/lib/mmpy-16/libc.a(puts.o)
 .debug_info    0x0000000000001265      0x13f /usr/lib/gcc/msp430/4.6.3/../../../../msp430/lib/mmpy-16/libc.a(rand.o)
 .debug_info    0x00000000000013a4       0xec /usr/lib/gcc/msp430/4.6.3/mmpy-16/libgcc.a(_udivmod16.o)
 .debug_info    0x0000000000001490       0xec /usr/lib/gcc/msp430/4.6.3/mmpy-16/libgcc.a(_udivmod64.o)
 .debug_info    0x000000000000157c       0xce /usr/lib/gcc/msp430/4.6.3/mmpy-16/libcrt0.a(__watchdog_support.o)
 .debug_info    0x000000000000164a       0xce /usr/lib/gcc/msp430/4.6.3/mmpy-16/libcrt0.a(__init_stack.o)
 .debug_info    0x0000000000001718       0xce /usr/lib/gcc/msp430/4.6.3/mmpy-16/libcrt0.a(_copy_data.o)
 .debug_info    0x00000000000017e6       0xce /usr/lib/gcc/msp430/4.6.3/mmpy-16/libcrt0.a(_clear_bss.o)
 .debug_info    0x00000000000018b4       0xce /usr/lib/gcc/msp430/4.6.3/mmpy-16/libcrt0.a(_endless_loop__.o)
 .debug_info    0x0000000000001982       0xce /usr/lib/gcc/msp430/4.6.3/mmpy-16/libcrt0.a(_unexpected_.o)
 *(.gnu.linkonce.wi.*)

.debug_abbrev   0x0000000000000000      0xa89
 *(.debug_abbrev)
 .debug_abbrev  0x0000000000000000       0x14 /usr/lib/gcc/msp430/4.6.3/mmpy-16/libgcc.a(_mulsi3.o)
 .debug_abbrev  0x0000000000000014       0x14 /usr/lib/gcc/msp430/4.6.3/mmpy-16/libgcc.a(_udivmod32.o)
 .debug_abbrev  0x0000000000000028       0x6f /usr/lib/gcc/msp430/4.6.3/../../../../msp430/lib/mmpy-16/libc.a(strchr.o)
 .debug_abbrev  0x0000000000000097       0x7c /usr/lib/gcc/msp430/4.6.3/../../../../msp430/lib/mmpy-16/libc.a(strncmp.o)
 .debug_abbrev  0x0000000000000113       0x9b /usr/lib/gcc/msp430/4.6.3/../../../../msp430/lib/mmpy-16/libc.a(memcmp.o)
 .debug_abbrev  0x00000000000001ae       0x7e /usr/lib/gcc/msp430/4.6.3/../../../../msp430/lib/mmpy-16/libc.a(strcpy.o)
 .debug_abbrev  0x000000000000022c       0x97 /usr/lib/gcc/msp430/4.6.3/../../../../msp430/lib/mmpy-16/libc.a(memcpy.o)
 .debug_abbrev  0x00000000000002c3       0x9c /usr/lib/gcc/msp430/4.6.3/../../../../msp430/lib/mmpy-16/libc.a(memset.o)
 .debug_abbrev  0x000000000000035f       0xf8 /usr/lib/gcc/msp430/4.6.3/../../../../msp430/lib/mmpy-16/libc.a(malloc.o)
 .debug_abbrev  0x0000000000000457       0x7e /usr/lib/gcc/msp430/4.6.3/../../../../msp430/lib/mmpy-16/libc.a(atoi.o)
 .debug_abbrev  0x00000000000004d5       0xd0 /usr/lib/gcc/msp430/4.6.3/../../../../msp430/lib/mmpy-16/libc.a(printf.o)
 .debug_abbrev  0x00000000000005a5      0x105 /usr/lib/gcc/msp430/4.6.3/../../../../msp430/lib/mmpy-16/libc.a(sprintf.o)
 .debug_abbrev  0x00000000000006aa      0x1ef /usr/lib/gcc/msp430/4.6.3/../../../../msp430/lib/mmpy-16/libc.a(vuprintf.o)
 .debug_abbrev  0x0000000000000899       0x60 /usr/lib/gcc/msp430/4.6.3/../../../../msp430/lib/mmpy-16/libc.a(puts.o)
 .debug_abbrev  0x00000000000008f9       0xf0 /usr/lib/gcc/msp430/4.6.3/../../../../msp430/lib/mmpy-16/libc.a(rand.o)
 .debug_abbrev  0x00000000000009e9       0x14 /usr/lib/gcc/msp430/4.6.3/mmpy-16/libgcc.a(_udivmod16.o)
 .debug_abbrev  0x00000000000009fd       0x14 /usr/lib/gcc/msp430/4.6.3/mmpy-16/libgcc.a(_udivmod64.o)
 .debug_abbrev  0x0000000000000a11       0x14 /usr/lib/gcc/msp430/4.6.3/mmpy-16/libcrt0.a(__watchdog_support.o)
 .debug_abbrev  0x0000000000000a25       0x14 /usr/lib/gcc/msp430/4.6.3/mmpy-16/libcrt0.a(__init_stack.o)
 .debug_abbrev  0x0000000000000a39       0x14 /usr/lib/gcc/msp430/4.6.3/mmpy-16/libcrt0.a(_copy_data.o)
 .debug_abbrev  0x0000000000000a4d       0x14 /usr/lib/gcc/msp430/4.6.3/mmpy-16/libcrt0.a(_clear_bss.o)
 .debug_abbrev  0x0000000000000a61       0x14 /usr/lib/gcc/msp430/4.6.3/mmpy-16/libcrt0.a(_endless_loop__.o)
 .debug_abbrev  0x0000000000000a75       0x14 /usr/lib/gcc/msp430/4.6.3/mmpy-16/libcrt0.a(_unexpected_.o)

.debug_line     0x0000000000000000      0xf36
 *(.debug_line)
 .debug_line    0x0000000000000000       0xae /usr/lib/gcc/msp430/4.6.3/mmpy-16/libgcc.a(_mulsi3.o)
 .debug_line    0x00000000000000ae       0xb6 /usr/lib/gcc/msp430/4.6.3/mmpy-16/libgcc.a(_udivmod32.o)
 .debug_line    0x0000000000000164       0x44 /usr/lib/gcc/msp430/4.6.3/../../../../msp430/lib/mmpy-16/libc.a(strchr.o)
 .debug_line    0x00000000000001a8       0x75 /usr/lib/gcc/msp430/4.6.3/../../../../msp430/lib/mmpy-16/libc.a(strncmp.o)
 .debug_line    0x000000000000021d       0x73 /usr/lib/gcc/msp430/4.6.3/../../../../msp430/lib/mmpy-16/libc.a(memcmp.o)
 .debug_line    0x0000000000000290       0x4d /usr/lib/gcc/msp430/4.6.3/../../../../msp430/lib/mmpy-16/libc.a(strcpy.o)
 .debug_line    0x00000000000002dd       0xe9 /usr/lib/gcc/msp430/4.6.3/../../../../msp430/lib/mmpy-16/libc.a(memcpy.o)
 .debug_line    0x00000000000003c6       0xc8 /usr/lib/gcc/msp430/4.6.3/../../../../msp430/lib/mmpy-16/libc.a(memset.o)
 .debug_line    0x000000000000048e       0xbe /usr/lib/gcc/msp430/4.6.3/../../../../msp430/lib/mmpy-16/libc.a(malloc.o)
 .debug_line    0x000000000000054c       0x6e /usr/lib/gcc/msp430/4.6.3/../../../../msp430/lib/mmpy-16/libc.a(atoi.o)
 .debug_line    0x00000000000005ba       0x72 /usr/lib/gcc/msp430/4.6.3/../../../../msp430/lib/mmpy-16/libc.a(printf.o)
 .debug_line    0x000000000000062c       0x9c /usr/lib/gcc/msp430/4.6.3/../../../../msp430/lib/mmpy-16/libc.a(sprintf.o)
 .debug_line    0x00000000000006c8      0x2d2 /usr/lib/gcc/msp430/4.6.3/../../../../msp430/lib/mmpy-16/libc.a(vuprintf.o)
 .debug_line    0x000000000000099a       0x4d /usr/lib/gcc/msp430/4.6.3/../../../../msp430/lib/mmpy-16/libc.a(puts.o)
 .debug_line    0x00000000000009e7       0x4f /usr/lib/gcc/msp430/4.6.3/../../../../msp430/lib/mmpy-16/libc.a(rand.o)
 .debug_line    0x0000000000000a36       0xa7 /usr/lib/gcc/msp430/4.6.3/mmpy-16/libgcc.a(_udivmod16.o)
 .debug_line    0x0000000000000add       0xfc /usr/lib/gcc/msp430/4.6.3/mmpy-16/libgcc.a(_udivmod64.o)
 .debug_line    0x0000000000000bd9       0x8f /usr/lib/gcc/msp430/4.6.3/mmpy-16/libcrt0.a(__watchdog_support.o)
 .debug_line    0x0000000000000c68       0x8d /usr/lib/gcc/msp430/4.6.3/mmpy-16/libcrt0.a(__init_stack.o)
 .debug_line    0x0000000000000cf5       0x93 /usr/lib/gcc/msp430/4.6.3/mmpy-16/libcrt0.a(_copy_data.o)
 .debug_line    0x0000000000000d88       0x93 /usr/lib/gcc/msp430/4.6.3/mmpy-16/libcrt0.a(_clear_bss.o)
 .debug_line    0x0000000000000e1b       0x8e /usr/lib/gcc/msp430/4.6.3/mmpy-16/libcrt0.a(_endless_loop__.o)